<html>
<body>
<pre>
<h1>µVision Build Log</h1>
<h2>Tool Versions:</h2>
IDE-Version: µVision V5.39.0.0
Copyright (C) 2023 ARM Ltd and ARM Germany GmbH. All rights reserved.
License Information: Anushka D, IITJ, LIC=----
 
Tool Versions:
Toolchain:       MDK-Lite  Version: 5.39.0.0
Toolchain Path:  C:\Keil_v5\ARM\ARMCLANG\Bin
C Compiler:      ArmClang.exe V6.21
Assembler:       Armasm.exe V6.21
Linker/Locator:  ArmLink.exe V6.21
Library Manager: ArmAr.exe V6.21
Hex Converter:   FromElf.exe V6.21
CPU DLL:         SARMCM3.DLL V5.39.0.0
Dialog DLL:      DCM.DLL V1.17.5.0
Target DLL:      STLink\ST-LINKIII-KEIL_SWO.dll V3.2.0.0
Dialog DLL:      TCM.DLL V1.56.4.0
 
<h2>Project:</h2>
C:\Users\Anushka\OneDrive\Desktop\Embedded\Hardware_vsslr\Interrupt\Interrupt.uvprojx
Project File Date:  03/25/2025

<h2>Output:</h2>
*** Using Compiler 'V6.21', folder: 'C:\Keil_v5\ARM\ARMCLANG\Bin'
Rebuild target 'Target 1'
code.c(1): warning: non-portable path to file '"stm32f412zx.h"'; specified path differs in case from file name on disk [-Wnonportable-include-path]
    1 | #include "stm32f412Zx.h"
      |          ^~~~~~~~~~~~~~~
      |          "stm32f412zx.h"
code.c(6): warning: a function declaration without a prototype is deprecated in all versions of C [-Wstrict-prototypes]
    6 | int main() {
      |         ^
      |          void
code.c(21): warning: implicit conversion changes signedness: 'int' to 'uint32_t' (aka 'unsigned int') [-Wsign-conversion]
   21 | GPIOB->ODR &= ~0x4000; 
      |            ~~ ^~~~~~~
code.c(31): warning: implicit conversion changes signedness: 'int' to 'uint32_t' (aka 'unsigned int') [-Wsign-conversion]
   31 |             GPIOB->ODR &= ~0X80; 
      |                        ~~ ^~~~~
code.c(13): warning: unsafe buffer access [-Wunsafe-buffer-usage]
   13 | SYSCFG->EXTICR[3] = 0X0020; // Port C for EXT 13 INTERRUPT
      | ^~~~~~~~~~~~~~
C:/Users/Anushka/AppData/Local/Arm/Packs/Keil/STM32F4xx_DFP/2.16.0/Drivers/CMSIS/Device/ST/STM32F4xx/Include\stm32f412Zx.h(1015): note: expanded from macro 'SYSCFG'
 1015 | #define SYSCFG              ((SYSCFG_TypeDef *) SYSCFG_BASE)
      |                             ^
5 warnings generated.
compiling code.c...
RTE/Device/STM32F412ZGTx/system_stm32f4xx.c(49): warning: In file included from...
C:/Users/Anushka/AppData/Local/Arm/Packs/Keil/STM32F4xx_DFP/2.16.0/Drivers/CMSIS/Device/ST/STM32F4xx/Include\stm32f4xx.h(11): warning: invalid UTF-8 in comment [-Winvalid-utf8]
   11 |   *              - To use or not the peripheral<92>s drivers in application code(i.e. 
      |                                                ^
C:/Users/Anushka/AppData/Local/Arm/Packs/Keil/STM32F4xx_DFP/2.16.0/Drivers/CMSIS/Device/ST/STM32F4xx/Include\stm32f4xx.h(12): warning: invalid UTF-8 in comment [-Winvalid-utf8]
   12 |   *                code will be based on direct access to peripheral<92>s registers 
      |                                                                     ^
RTE/Device/STM32F412ZGTx/system_stm32f4xx.c(264): warning: unsafe buffer access [-Wunsafe-buffer-usage]
  264 |   tmp = AHBPrescTable[((RCC->CFGR & RCC_CFGR_HPRE) >> 4)];
      |         ^~~~~~~~~~~~~
3 warnings generated.
compiling system_stm32f4xx.c...
assembling startup_stm32f412zx.s...
linking...
Program Size: Code=788 RO-data=468 RW-data=0 ZI-data=1632  
".\Objects\Interrupt.axf" - 0 Error(s), 8 Warning(s).

<h2>Software Packages used:</h2>

Package Vendor: ARM
                http://www.keil.com/pack/ARM.CMSIS.5.9.0.pack
                ARM::CMSIS@5.9.0
                CMSIS (Common Microcontroller Software Interface Standard)
   * Component: CORE Version: 5.6.0

Package Vendor: Keil
                http://www.keil.com/pack/Keil.STM32F4xx_DFP.2.16.0.pack
                Keil::STM32F4xx_DFP@2.16.0
                STMicroelectronics STM32F4 Series Device Support, Drivers and Examples
   * Component: Startup Version: 2.6.3

<h2>Collection of Component include folders:</h2>
  ./RTE/_Target_1
  C:/Users/Anushka/AppData/Local/Arm/Packs/ARM/CMSIS/5.9.0/CMSIS/Core/Include
  C:/Users/Anushka/AppData/Local/Arm/Packs/Keil/STM32F4xx_DFP/2.16.0/Drivers/CMSIS/Device/ST/STM32F4xx/Include

<h2>Collection of Component Files used:</h2>

   * Component: ARM::CMSIS:CORE@5.6.0

   * Component: Keil::Device:Startup@2.6.3
      Source file:   MDK/Device/Source/ARM/STM32F4xx_OTP.s
      Source file:   MDK/Device/Source/ARM/STM32F410xx_412xx_OPT.s
      Include file:  Drivers/CMSIS/Device/ST/STM32F4xx/Include/stm32f4xx.h
      Source file:   Drivers/CMSIS/Device/ST/STM32F4xx/Source/Templates/arm/startup_stm32f412zx.s
      Source file:   Drivers/CMSIS/Device/ST/STM32F4xx/Source/Templates/system_stm32f4xx.c
Build Time Elapsed:  00:00:00
</pre>
</body>
</html>
