<html>
<body>
<pre>
<h1>µVision Build Log</h1>
<h2>Tool Versions:</h2>
IDE-Version: µVision V5.39.0.0
Copyright (C) 2023 ARM Ltd and ARM Germany GmbH. All rights reserved.
License Information: Anushka D, IITJ, LIC=----
 
Tool Versions:
Toolchain:       MDK-Lite  Version: 5.39.0.0
Toolchain Path:  C:\Keil_v5\ARM\ARMCLANG\Bin
C Compiler:      ArmClang.exe V6.21
Assembler:       Armasm.exe V6.21
Linker/Locator:  ArmLink.exe V6.21
Library Manager: ArmAr.exe V6.21
Hex Converter:   FromElf.exe V6.21
CPU DLL:         SARMCM3.DLL V5.39.0.0
Dialog DLL:      DCM.DLL V1.17.5.0
Target DLL:      STLink\ST-LINKIII-KEIL_SWO.dll V3.2.0.0
Dialog DLL:      TCM.DLL V1.56.4.0
 
<h2>Project:</h2>
C:\Users\Anushka\OneDrive\Desktop\Embedded\Hardware_vsslr\ML_model\iris.uvprojx
Project File Date:  04/08/2025

<h2>Output:</h2>
*** Using Compiler 'V6.21', folder: 'C:\Keil_v5\ARM\ARMCLANG\Bin'
Build target 'Target 1'
RTE/Device/STM32F412ZGTx/system_stm32f4xx.c(49): warning: In file included from...
C:/Users/Anushka/AppData/Local/Arm/Packs/Keil/STM32F4xx_DFP/2.16.0/Drivers/CMSIS/Device/ST/STM32F4xx/Include\stm32f4xx.h(11): warning: invalid UTF-8 in comment [-Winvalid-utf8]
   11 |   *              - To use or not the peripheral<92>s drivers in application code(i.e. 
      |                                                ^
C:/Users/Anushka/AppData/Local/Arm/Packs/Keil/STM32F4xx_DFP/2.16.0/Drivers/CMSIS/Device/ST/STM32F4xx/Include\stm32f4xx.h(12): warning: invalid UTF-8 in comment [-Winvalid-utf8]
   12 |   *                code will be based on direct access to peripheral<92>s registers 
      |                                                                     ^
RTE/Device/STM32F412ZGTx/system_stm32f4xx.c(264): warning: unsafe buffer access [-Wunsafe-buffer-usage]
  264 |   tmp = AHBPrescTable[((RCC->CFGR & RCC_CFGR_HPRE) >> 4)];
      |         ^~~~~~~~~~~~~
3 warnings generated.
compiling system_stm32f4xx.c...
main.c(1): warning: In file included from...
C:/Users/Anushka/AppData/Local/Arm/Packs/Keil/STM32F4xx_DFP/2.16.0/Drivers/CMSIS/Device/ST/STM32F4xx/Include\stm32f4xx.h(11): warning: invalid UTF-8 in comment [-Winvalid-utf8]
   11 |   *              - To use or not the peripheral<92>s drivers in application code(i.e. 
      |                                                ^
C:/Users/Anushka/AppData/Local/Arm/Packs/Keil/STM32F4xx_DFP/2.16.0/Drivers/CMSIS/Device/ST/STM32F4xx/Include\stm32f4xx.h(12): warning: invalid UTF-8 in comment [-Winvalid-utf8]
   12 |   *                code will be based on direct access to peripheral<92>s registers 
      |                                                                     ^
main.c(3): warning: In file included from...
./iris_model.h(36): warning: mixing declarations and code is incompatible with standards before C99 [-Wdeclaration-after-statement]
   36 |     double var4[3];
      |            ^
main.c(6): warning: a function declaration without a prototype is deprecated in all versions of C [-Wstrict-prototypes]
    6 | void init_gpio();
      |               ^
      |                void
main.c(7): warning: a function declaration without a prototype is deprecated in all versions of C [-Wstrict-prototypes]
    7 | void all_leds_off();
      |                  ^
      |                   void
main.c(10): warning: a function declaration without a prototype is deprecated in all versions of C [-Wstrict-prototypes]
   10 | int button_pressed();
      |                   ^
      |                    void
main.c(22): warning: a function declaration without a prototype is deprecated in all versions of C [-Wstrict-prototypes]
   22 | void init_gpio() {
      |               ^
      |                void
main.c(28): warning: binary integer literals are a GNU extension [-Wgnu-binary-literal]
   28 |     GPIOB_MODER &= ~(0b11 << (2 * 0));    
      |                      ^
main.c(28): warning: implicit conversion changes signedness: 'int' to 'uint32_t' (aka 'unsigned int') [-Wsign-conversion]
   28 |     GPIOB_MODER &= ~(0b11 << (2 * 0));    
      |                 ~~ ^~~~~~~~~~~~~~~~~~
main.c(29): warning: binary integer literals are a GNU extension [-Wgnu-binary-literal]
   29 |     GPIOB_MODER |=  (0b01 << (2 * 0));
      |                      ^
main.c(31): warning: binary integer literals are a GNU extension [-Wgnu-binary-literal]
   31 |     GPIOB_MODER &= ~(0b11 << (2 * 7));    
      |                      ^
main.c(31): warning: implicit conversion changes signedness: 'int' to 'uint32_t' (aka 'unsigned int') [-Wsign-conversion]
   31 |     GPIOB_MODER &= ~(0b11 << (2 * 7));    
      |                 ~~ ^~~~~~~~~~~~~~~~~~
main.c(32): warning: binary integer literals are a GNU extension [-Wgnu-binary-literal]
   32 |     GPIOB_MODER |=  (0b01 << (2 * 7));
      |                      ^
main.c(34): warning: binary integer literals are a GNU extension [-Wgnu-binary-literal]
   34 |     GPIOB_MODER &= ~(0b11 << (2 * 14));   
      |                      ^
main.c(34): warning: implicit conversion changes signedness: 'int' to 'uint32_t' (aka 'unsigned int') [-Wsign-conversion]
   34 |     GPIOB_MODER &= ~(0b11 << (2 * 14));   
      |                 ~~ ^~~~~~~~~~~~~~~~~~~
main.c(35): warning: binary integer literals are a GNU extension [-Wgnu-binary-literal]
   35 |     GPIOB_MODER |=  (0b01 << (2 * 14));
      |                      ^
main.c(22): warning: no previous prototype for function 'init_gpio' [-Wmissing-prototypes]
   22 | void init_gpio() {
      |      ^
main.c(6): note: this declaration is not a prototype; add 'void' to make it a prototype for a zero-parameter function
    6 | void init_gpio();
      |      ^         
      |                void
main.c(40): warning: a function declaration without a prototype is deprecated in all versions of C [-Wstrict-prototypes]
   40 | void all_leds_off() {
      |                  ^
      |                   void
main.c(41): warning: implicit conversion changes signedness: 'int' to 'uint32_t' (aka 'unsigned int') [-Wsign-conversion]
   41 |     GPIOB_ODR &= ~(1 << 0);    // PB0
      |               ~~ ^~~~~~~~~
main.c(42): warning: implicit conversion changes signedness: 'int' to 'uint32_t' (aka 'unsigned int') [-Wsign-conversion]
   42 |     GPIOB_ODR &= ~(1 << 7);    // PB7
      |               ~~ ^~~~~~~~~
main.c(43): warning: implicit conversion changes signedness: 'int' to 'uint32_t' (aka 'unsigned int') [-Wsign-conversion]
   43 |     GPIOB_ODR &= ~(1 << 14);   // PB14
      |               ~~ ^~~~~~~~~~
main.c(40): warning: no previous prototype for function 'all_leds_off' [-Wmissing-prototypes]
   40 | void all_leds_off() {
      |      ^
main.c(7): note: this declaration is not a prototype; add 'void' to make it a prototype for a zero-parameter function
    7 | void all_leds_off();
      |      ^            
      |                   void
main.c(57): warning: mixing declarations and code is incompatible with standards before C99 [-Wdeclaration-after-statement]
   57 |     int max_idx = 0;
      |         ^
main.c(63): warning: a function declaration without a prototype is deprecated in all versions of C [-Wstrict-prototypes]
   63 | int button_pressed() {
      |                   ^
      |                    void
main.c(63): warning: no previous prototype for function 'button_pressed' [-Wmissing-prototypes]
   63 | int button_pressed() {
      |     ^
main.c(10): note: this declaration is not a prototype; add 'void' to make it a prototype for a zero-parameter function
   10 | int button_pressed();
      |     ^              
      |                    void
main.c(71): warning: mixing declarations and code is incompatible with standards before C99 [-Wdeclaration-after-statement]
   71 |     double test_inputs[][9] = {
      |            ^
main.c(3): warning: In file included from...
./iris_model.h(8): warning: unsafe buffer access [-Wunsafe-buffer-usage]
    8 |         result[i] = v1[i] + v2[i];
      |         ^~~~~~
./iris_model.h(8): warning: unsafe buffer access [-Wunsafe-buffer-usage]
    8 |         result[i] = v1[i] + v2[i];
      |                     ^~
./iris_model.h(8): warning: unsafe buffer access [-Wunsafe-buffer-usage]
    8 |         result[i] = v1[i] + v2[i];
      |                             ^~
./iris_model.h(12): warning: unsafe buffer access [-Wunsafe-buffer-usage]
   12 |         result[i] = v1[i] * num;
      |         ^~~~~~
./iris_model.h(12): warning: unsafe buffer access [-Wunsafe-buffer-usage]
   12 |         result[i] = v1[i] * num;
      |                     ^~
./iris_model.h(19): warning: unsafe buffer access [-Wunsafe-buffer-usage]
   19 |     if (input[3] <= 0.800000011920929) {
      |         ^~~~~
./iris_model.h(22): warning: unsafe buffer access [-Wunsafe-buffer-usage]
   22 |         if (input[2] <= 4.8500001430511475) {
      |             ^~~~~
./iris_model.h(23): warning: unsafe buffer access [-Wunsafe-buffer-usage]
   23 |             if (input[2] <= 4.75) {
      |                 ^~~~~
./iris_model.h(29): warning: unsafe buffer access [-Wunsafe-buffer-usage]
   29 |             if (input[3] <= 1.699999988079071) {
      |                 ^~~~~
./iris_model.h(37): warning: unsafe buffer access [-Wunsafe-buffer-usage]
   37 |     if (input[2] <= 2.449999988079071) {
      |         ^~~~~
./iris_model.h(40): warning: unsafe buffer access [-Wunsafe-buffer-usage]
   40 |         if (input[2] <= 4.8500001430511475) {
      |             ^~~~~
./iris_model.h(41): warning: unsafe buffer access [-Wunsafe-buffer-usage]
   41 |             if (input[3] <= 1.6500000357627869) {
      |                 ^~~~~
./iris_model.h(47): warning: unsafe buffer access [-Wunsafe-buffer-usage]
   47 |             if (input[2] <= 5.049999952316284) {
      |                 ^~~~~
./iris_model.h(56): warning: unsafe buffer access [-Wunsafe-buffer-usage]
   56 |     if (input[3] <= 0.75) {
      |         ^~~~~
./iris_model.h(59): warning: unsafe buffer access [-Wunsafe-buffer-usage]
   59 |         if (input[3] <= 1.600000023841858) {
      |             ^~~~~
./iris_model.h(60): warning: unsafe buffer access [-Wunsafe-buffer-usage]
   60 |             if (input[2] <= 4.950000047683716) {
      |                 ^~~~~
main.c(58): warning: unsafe buffer access [-Wunsafe-buffer-usage]
   58 |     if (output[1] > output[0]) max_idx = 1;
      |         ^~~~~~
main.c(59): warning: unsafe buffer access [-Wunsafe-buffer-usage]
   59 |     if (output[2] > output[max_idx]) max_idx = 2;
      |         ^~~~~~
main.c(59): warning: unsafe buffer access [-Wunsafe-buffer-usage]
   59 |     if (output[2] > output[max_idx]) max_idx = 2;
      |                     ^~~~~~
main.c(88): warning: unsafe buffer access [-Wunsafe-buffer-usage]
   88 |             int result = predict_class(test_inputs[current]);
      |                                        ^~~~~~~~~~~
46 warnings generated.
compiling main.c...
linking...
Program Size: Code=4612 RO-data=1452 RW-data=0 ZI-data=1632  
".\Objects\iris.axf" - 0 Error(s), 49 Warning(s).

<h2>Software Packages used:</h2>

Package Vendor: ARM
                http://www.keil.com/pack/ARM.CMSIS.5.9.0.pack
                ARM::CMSIS@5.9.0
                CMSIS (Common Microcontroller Software Interface Standard)
   * Component: CORE Version: 5.6.0

Package Vendor: Keil
                http://www.keil.com/pack/Keil.STM32F4xx_DFP.2.16.0.pack
                Keil::STM32F4xx_DFP@2.16.0
                STMicroelectronics STM32F4 Series Device Support, Drivers and Examples
   * Component: Startup Version: 2.6.3

<h2>Collection of Component include folders:</h2>
  ./RTE/_Target_1
  C:/Users/Anushka/AppData/Local/Arm/Packs/ARM/CMSIS/5.9.0/CMSIS/Core/Include
  C:/Users/Anushka/AppData/Local/Arm/Packs/Keil/STM32F4xx_DFP/2.16.0/Drivers/CMSIS/Device/ST/STM32F4xx/Include

<h2>Collection of Component Files used:</h2>

   * Component: ARM::CMSIS:CORE@5.6.0

   * Component: Keil::Device:Startup@2.6.3
      Include file:  Drivers/CMSIS/Device/ST/STM32F4xx/Include/stm32f4xx.h
      Source file:   MDK/Device/Source/ARM/STM32F4xx_OTP.s
      Source file:   MDK/Device/Source/ARM/STM32F410xx_412xx_OPT.s
      Source file:   Drivers/CMSIS/Device/ST/STM32F4xx/Source/Templates/arm/startup_stm32f412zx.s
      Source file:   Drivers/CMSIS/Device/ST/STM32F4xx/Source/Templates/system_stm32f4xx.c
Build Time Elapsed:  00:00:01
</pre>
</body>
</html>
