<html>
<body>
<pre>
<h1>µVision Build Log</h1>
<h2>Tool Versions:</h2>
IDE-Version: µVision V5.39.0.0
Copyright (C) 2023 ARM Ltd and ARM Germany GmbH. All rights reserved.
License Information: Anushka D, IITJ, LIC=----
 
Tool Versions:
Toolchain:       MDK-Lite  Version: 5.39.0.0
Toolchain Path:  C:\Keil_v5\ARM\ARMCLANG\Bin
C Compiler:      ArmClang.exe V6.21
Assembler:       Armasm.exe V6.21
Linker/Locator:  ArmLink.exe V6.21
Library Manager: ArmAr.exe V6.21
Hex Converter:   FromElf.exe V6.21
CPU DLL:         SARMCM3.DLL V5.39.0.0
Dialog DLL:      DCM.DLL V1.17.5.0
Target DLL:      STLink\ST-LINKIII-KEIL_SWO.dll V3.2.0.0
Dialog DLL:      TCM.DLL V1.56.4.0
 
<h2>Project:</h2>
C:\Users\Anushka\OneDrive\Desktop\Embedded\Hardware_vsslr\lcd\lcd.uvprojx
Project File Date:  04/01/2025

<h2>Output:</h2>
*** Using Compiler 'V6.21', folder: 'C:\Keil_v5\ARM\ARMCLANG\Bin'
Build target 'Target 1'
i2c.c(18): warning: In file included from...
./rccConfig.h(14): warning: In file included from...
C:/Users/Anushka/AppData/Local/Arm/Packs/Keil/STM32F4xx_DFP/2.16.0/Drivers/CMSIS/Device/ST/STM32F4xx/Include\stm32f4xx.h(11): warning: invalid UTF-8 in comment [-Winvalid-utf8]
   11 |   *              - To use or not the peripheral<92>s drivers in application code(i.e. 
      |                                                ^
C:/Users/Anushka/AppData/Local/Arm/Packs/Keil/STM32F4xx_DFP/2.16.0/Drivers/CMSIS/Device/ST/STM32F4xx/Include\stm32f4xx.h(12): warning: invalid UTF-8 in comment [-Winvalid-utf8]
   12 |   *                code will be based on direct access to peripheral<92>s registers 
      |                                                                     ^
i2c.c(19): warning: In file included from...
./i2c_functions.h(45): warning: no newline at end of file [-Wnewline-eof]
   45 | // -----------------------------------------------------------------------------------------------------
      |                                                                                                         ^
i2c.c(126): warning: unused variable 'Data' [-Wunused-variable]
  126 |         uint8_t Data;
      |                 ^~~~
i2c.c(170): warning: implicit conversion loses floating-point precision: 'double' to 'float' [-Wimplicit-float-conversion]
  170 |         Ax = Accel_X_RAW/16384.0;                                                                                                                                                               // Converting the Raw Ax value in units of g
      |            ~ ~~~~~~~~~~~^~~~~~~~
i2c.c(171): warning: implicit conversion loses floating-point precision: 'double' to 'float' [-Wimplicit-float-conversion]
  171 |         Ay = Accel_Y_RAW/16384.0;                                                                                                                                                               // Converting the Raw Ay value in units of g
      |            ~ ~~~~~~~~~~~^~~~~~~~
i2c.c(172): warning: implicit conversion loses floating-point precision: 'double' to 'float' [-Wimplicit-float-conversion]
  172 |         Az = Accel_Z_RAW/16384.0;                                                                                                                                                               // Converting the Raw Az value in units of g
      |            ~ ~~~~~~~~~~~^~~~~~~~
i2c.c(193): warning: implicit conversion loses floating-point precision: 'double' to 'float' [-Wimplicit-float-conversion]
  193 |                 temperature = (twos_complement/340)*(-1) + 36.53;
      |                             ~ ~~~~~~~~~~~~~~~~~~~~~~~~~~~^~~~~~~
i2c.c(197): warning: implicit conversion loses floating-point precision: 'double' to 'float' [-Wimplicit-float-conversion]
  197 |                 temperature = (twos_complement/340) + 36.53;
      |                             ~ ~~~~~~~~~~~~~~~~~~~~~~^~~~~~~
i2c.c(214): warning: mixing declarations and code is incompatible with standards before C99 [-Wdeclaration-after-statement]
  214 |         char data_u, data_l;
      |              ^
i2c.c(238): warning: mixing declarations and code is incompatible with standards before C99 [-Wdeclaration-after-statement]
  238 |         char data_u, data_l;
      |              ^
i2c.c(327): warning: implicit conversion loses integer precision: 'int' to 'uint8_t' (aka 'unsigned char') [-Wimplicit-int-conversion]
  327 |     DISPLAY_WRITE_COMMAND (0x4E,col);
      |     ~~~~~~~~~~~~~~~~~~~~~       ^~~
i2c.c(333): warning: a function declaration without a prototype is deprecated in all versions of C [-Wstrict-prototypes]
  333 | int main ()
      |          ^
      |           void
i2c.c(72): warning: unused variable 'Gyro_X_RAW' [-Wunused-variable]
   72 | static int16_t Gyro_X_RAW = 0;                                                                                                                                          // Variables to keep track of response
      |                ^~~~~~~~~~
i2c.c(73): warning: unused variable 'Gyro_Y_RAW' [-Wunused-variable]
   73 | static int16_t Gyro_Y_RAW = 0;                                                                                                                                          // Variables to keep track of response
      |                ^~~~~~~~~~
i2c.c(74): warning: unused variable 'Gyro_Z_RAW' [-Wunused-variable]
   74 | static int16_t Gyro_Z_RAW = 0;                                                                                                                                          // Variables to keep track of response
      |                ^~~~~~~~~~
i2c.c(150): warning: unsafe buffer access [-Wunsafe-buffer-usage]
  150 |         Gx = (int16_t)(Rx_data[0] << 8 | Rx_data [1]);                                                                  // Making the Gyro X values using 0th and 1st Bytes
      |                                          ^~~~~~~
i2c.c(151): warning: unsafe buffer access [-Wunsafe-buffer-usage]
  151 |         Gy = (int16_t)(Rx_data[2] << 8 | Rx_data [3]);                                                                  // Making the Gyro Y values using 2nd and 3rd Bytes
      |                        ^~~~~~~
i2c.c(151): warning: unsafe buffer access [-Wunsafe-buffer-usage]
  151 |         Gy = (int16_t)(Rx_data[2] << 8 | Rx_data [3]);                                                                  // Making the Gyro Y values using 2nd and 3rd Bytes
      |                                          ^~~~~~~
i2c.c(152): warning: unsafe buffer access [-Wunsafe-buffer-usage]
  152 |         Gz = (int16_t)(Rx_data[4] << 8 | Rx_data [5]);                                                                  // Making the Gyro Z values using 4th and 5th Bytes
      |                        ^~~~~~~
i2c.c(152): warning: unsafe buffer access [-Wunsafe-buffer-usage]
  152 |         Gz = (int16_t)(Rx_data[4] << 8 | Rx_data [5]);                                                                  // Making the Gyro Z values using 4th and 5th Bytes
      |                                          ^~~~~~~
i2c.c(167): warning: unsafe buffer access [-Wunsafe-buffer-usage]
  167 |         Accel_X_RAW = (int16_t)(Rx_data[0] << 8 | Rx_data [1]);                                 // Making the Accel X values using 0th and 1st Bytes
      |                                                   ^~~~~~~
i2c.c(168): warning: unsafe buffer access [-Wunsafe-buffer-usage]
  168 |         Accel_Y_RAW = (int16_t)(Rx_data[2] << 8 | Rx_data [3]);                                 // Making the Accel Y values using 2nd and 3rd Bytes
      |                                 ^~~~~~~
i2c.c(168): warning: unsafe buffer access [-Wunsafe-buffer-usage]
  168 |         Accel_Y_RAW = (int16_t)(Rx_data[2] << 8 | Rx_data [3]);                                 // Making the Accel Y values using 2nd and 3rd Bytes
      |                                                   ^~~~~~~
i2c.c(169): warning: unsafe buffer access [-Wunsafe-buffer-usage]
  169 |         Accel_Z_RAW = (int16_t)(Rx_data[4] << 8 | Rx_data [5]);                                 // Making the Accel Z values using 4th and 5th Bytes
      |                                 ^~~~~~~
i2c.c(169): warning: unsafe buffer access [-Wunsafe-buffer-usage]
  169 |         Accel_Z_RAW = (int16_t)(Rx_data[4] << 8 | Rx_data [5]);                                 // Making the Accel Z values using 4th and 5th Bytes
      |                                                   ^~~~~~~
i2c.c(219): warning: unsafe buffer access [-Wunsafe-buffer-usage]
  219 |         data_t[1] = data_u|0x08;                                                                                                                                                                                                                // en=0, rs=0
      |         ^~~~~~
i2c.c(220): warning: unsafe buffer access [-Wunsafe-buffer-usage]
  220 |         data_t[2] = data_l|0x0C;                                                                                                                                                                                                                // en=1, rs=0
      |         ^~~~~~
i2c.c(221): warning: unsafe buffer access [-Wunsafe-buffer-usage]
  221 |         data_t[3] = data_l|0x08;                                                                                                                                                                                                                // en=0, rs=0
      |         ^~~~~~
i2c.c(243): warning: unsafe buffer access [-Wunsafe-buffer-usage]
  243 |         data_t[1] = data_u|0x09;                                                                                                                                                                                                                // en=0, rs=1
      |         ^~~~~~
i2c.c(244): warning: unsafe buffer access [-Wunsafe-buffer-usage]
  244 |         data_t[2] = data_l|0x0D;                                                                                                                                                                                                                // en=1, rs=1
      |         ^~~~~~
i2c.c(245): warning: unsafe buffer access [-Wunsafe-buffer-usage]
  245 |         data_t[3] = data_l|0x09;                                                                                                                                                                                                                // en=0, rs=1
      |         ^~~~~~
i2c.c(288): warning: unsafe pointer arithmetic [-Wunsafe-buffer-usage]
  288 |         while (*str) DISPLAY_WRITE_DATA (0x4E,*str++);
      |                                                ^~~
33 warnings generated.
compiling i2c.c...
linking...
Program Size: Code=2056 RO-data=492 RW-data=0 ZI-data=1632  
".\Objects\lcd.axf" - 0 Error(s), 33 Warning(s).

<h2>Software Packages used:</h2>

Package Vendor: ARM
                http://www.keil.com/pack/ARM.CMSIS.5.9.0.pack
                ARM::CMSIS@5.9.0
                CMSIS (Common Microcontroller Software Interface Standard)
   * Component: CORE Version: 5.6.0

Package Vendor: Keil
                http://www.keil.com/pack/Keil.STM32F4xx_DFP.2.16.0.pack
                Keil::STM32F4xx_DFP@2.16.0
                STMicroelectronics STM32F4 Series Device Support, Drivers and Examples
   * Component: Startup Version: 2.6.3

<h2>Collection of Component include folders:</h2>
  ./RTE/_Target_1
  C:/Users/Anushka/AppData/Local/Arm/Packs/ARM/CMSIS/5.9.0/CMSIS/Core/Include
  C:/Users/Anushka/AppData/Local/Arm/Packs/Keil/STM32F4xx_DFP/2.16.0/Drivers/CMSIS/Device/ST/STM32F4xx/Include

<h2>Collection of Component Files used:</h2>

   * Component: ARM::CMSIS:CORE@5.6.0

   * Component: Keil::Device:Startup@2.6.3
      Include file:  Drivers/CMSIS/Device/ST/STM32F4xx/Include/stm32f4xx.h
      Source file:   MDK/Device/Source/ARM/STM32F42xxx_43xxx_OPT.s
      Source file:   MDK/Device/Source/ARM/STM32F4xx_OTP.s
      Source file:   Drivers/CMSIS/Device/ST/STM32F4xx/Source/Templates/arm/startup_stm32f429xx.s
      Source file:   Drivers/CMSIS/Device/ST/STM32F4xx/Source/Templates/system_stm32f4xx.c
Build Time Elapsed:  00:00:01
</pre>
</body>
</html>
