Component: Arm Compiler for Embedded 6.21 Tool: armlink [5ec1fa00]

==============================================================================

Section Cross References

    reverse_and_count.o(.ARM.exidx.text.count_words) refers to reverse_and_count.o(.text.count_words) for [Anonymous Symbol]
    reverse_and_count.o(.ARM.exidx.text.reverse_str) refers to reverse_and_count.o(.text.reverse_str) for [Anonymous Symbol]
    reverse_and_count.o(.text.main) refers to reverse_and_count.o(.rodata.str1.1) for .L__const.main.str
    reverse_and_count.o(.text.main) refers to rt_memcpy_v6.o(.text) for __aeabi_memcpy
    reverse_and_count.o(.text.main) refers to printf.o(.text) for printf
    reverse_and_count.o(.text.main) refers to reverse_and_count.o(.text.reverse_str) for reverse_str
    reverse_and_count.o(.text.main) refers to reverse_and_count.o(.text.count_words) for count_words
    reverse_and_count.o(.ARM.exidx.text.main) refers to reverse_and_count.o(.text.main) for [Anonymous Symbol]
    retarget_io.o(.ARM.exidx.text.ITM_SendChar) refers to retarget_io.o(.text.ITM_SendChar) for [Anonymous Symbol]
    retarget_io.o(.text.ITM_ReceiveChar) refers to retarget_io.o(.data.ITM_RxBuffer) for ITM_RxBuffer
    retarget_io.o(.ARM.exidx.text.ITM_ReceiveChar) refers to retarget_io.o(.text.ITM_ReceiveChar) for [Anonymous Symbol]
    retarget_io.o(.text._sys_open) refers to retarget_io.o(.rodata.str1.1) for .L.str
    retarget_io.o(.text._sys_open) refers to strcmpv7em.o(.text) for strcmp
    retarget_io.o(.ARM.exidx.text._sys_open) refers to retarget_io.o(.text._sys_open) for [Anonymous Symbol]
    retarget_io.o(.ARM.exidx.text._sys_close) refers to retarget_io.o(.text._sys_close) for [Anonymous Symbol]
    retarget_io.o(.text._sys_write) refers to retarget_io.o(.text.stdout_putchar) for stdout_putchar
    retarget_io.o(.text._sys_write) refers to retarget_io.o(.text.stderr_putchar) for stderr_putchar
    retarget_io.o(.ARM.exidx.text._sys_write) refers to retarget_io.o(.text._sys_write) for [Anonymous Symbol]
    retarget_io.o(.text.stdout_putchar) refers to retarget_io.o(.text.ITM_SendChar) for ITM_SendChar
    retarget_io.o(.ARM.exidx.text.stdout_putchar) refers to retarget_io.o(.text.stdout_putchar) for [Anonymous Symbol]
    retarget_io.o(.text.stderr_putchar) refers to retarget_io.o(.text.ITM_SendChar) for ITM_SendChar
    retarget_io.o(.ARM.exidx.text.stderr_putchar) refers to retarget_io.o(.text.stderr_putchar) for [Anonymous Symbol]
    retarget_io.o(.text._sys_read) refers to retarget_io.o(.text.stdin_getchar) for stdin_getchar
    retarget_io.o(.ARM.exidx.text._sys_read) refers to retarget_io.o(.text._sys_read) for [Anonymous Symbol]
    retarget_io.o(.text.stdin_getchar) refers to retarget_io.o(.text.ITM_ReceiveChar) for ITM_ReceiveChar
    retarget_io.o(.ARM.exidx.text.stdin_getchar) refers to retarget_io.o(.text.stdin_getchar) for [Anonymous Symbol]
    retarget_io.o(.ARM.exidx.text._sys_istty) refers to retarget_io.o(.text._sys_istty) for [Anonymous Symbol]
    retarget_io.o(.ARM.exidx.text._sys_seek) refers to retarget_io.o(.text._sys_seek) for [Anonymous Symbol]
    retarget_io.o(.ARM.exidx.text._sys_flen) refers to retarget_io.o(.text._sys_flen) for [Anonymous Symbol]
    startup_stm32f412zx.o(STACK) refers (Special) to heapauxi.o(.text) for __use_two_region_memory
    startup_stm32f412zx.o(HEAP) refers (Special) to heapauxi.o(.text) for __use_two_region_memory
    startup_stm32f412zx.o(RESET) refers (Special) to heapauxi.o(.text) for __use_two_region_memory
    startup_stm32f412zx.o(RESET) refers to startup_stm32f412zx.o(STACK) for __initial_sp
    startup_stm32f412zx.o(RESET) refers to startup_stm32f412zx.o(.text) for Reset_Handler
    startup_stm32f412zx.o(.text) refers (Special) to heapauxi.o(.text) for __use_two_region_memory
    startup_stm32f412zx.o(.text) refers to system_stm32f4xx.o(.text.SystemInit) for SystemInit
    startup_stm32f412zx.o(.text) refers to __main.o(!!!main) for __main
    startup_stm32f412zx.o(.text) refers to startup_stm32f412zx.o(HEAP) for Heap_Mem
    startup_stm32f412zx.o(.text) refers to startup_stm32f412zx.o(STACK) for Stack_Mem
    system_stm32f4xx.o(.ARM.exidx.text.SystemInit) refers to system_stm32f4xx.o(.text.SystemInit) for [Anonymous Symbol]
    system_stm32f4xx.o(.text.SystemCoreClockUpdate) refers to system_stm32f4xx.o(.data.SystemCoreClock) for SystemCoreClock
    system_stm32f4xx.o(.text.SystemCoreClockUpdate) refers to system_stm32f4xx.o(.rodata.AHBPrescTable) for AHBPrescTable
    system_stm32f4xx.o(.ARM.exidx.text.SystemCoreClockUpdate) refers to system_stm32f4xx.o(.text.SystemCoreClockUpdate) for [Anonymous Symbol]
    printf.o(.text) refers (Special) to _printf_a.o(.ARM.Collect$$_printf_percent$$00000006) for _printf_a
    printf.o(.text) refers (Special) to _printf_c.o(.ARM.Collect$$_printf_percent$$00000013) for _printf_c
    printf.o(.text) refers (Special) to _printf_charcount.o(.text) for _printf_charcount
[...]
    .ARM.Collect$$_printf_percent$$0000000F  0x080002bc   Section        6  _printf_llu.o(.ARM.Collect$$_printf_percent$$0000000F)
    .ARM.Collect$$_printf_percent$$00000010  0x080002c2   Section        6  _printf_llo.o(.ARM.Collect$$_printf_percent$$00000010)
    .ARM.Collect$$_printf_percent$$00000011  0x080002c8   Section        6  _printf_llx.o(.ARM.Collect$$_printf_percent$$00000011)
    .ARM.Collect$$_printf_percent$$00000012  0x080002ce   Section       10  _printf_l.o(.ARM.Collect$$_printf_percent$$00000012)
    .ARM.Collect$$_printf_percent$$00000013  0x080002d8   Section        6  _printf_c.o(.ARM.Collect$$_printf_percent$$00000013)
    .ARM.Collect$$_printf_percent$$00000014  0x080002de   Section        6  _printf_s.o(.ARM.Collect$$_printf_percent$$00000014)
    .ARM.Collect$$_printf_percent$$00000015  0x080002e4   Section        6  _printf_lc.o(.ARM.Collect$$_printf_percent$$00000015)
    .ARM.Collect$$_printf_percent$$00000016  0x080002ea   Section        6  _printf_ls.o(.ARM.Collect$$_printf_percent$$00000016)
    .ARM.Collect$$_printf_percent$$00000017  0x080002f0   Section        4  _printf_percent_end.o(.ARM.Collect$$_printf_percent$$00000017)
    .ARM.Collect$$libinit$$00000000          0x080002f4   Section        2  libinit.o(.ARM.Collect$$libinit$$00000000)
    .ARM.Collect$$libinit$$00000001          0x080002f6   Section        4  libinit2.o(.ARM.Collect$$libinit$$00000001)
    .ARM.Collect$$libinit$$00000004          0x080002fa   Section        0  libinit2.o(.ARM.Collect$$libinit$$00000004)
    .ARM.Collect$$libinit$$00000006          0x080002fa   Section        0  libinit2.o(.ARM.Collect$$libinit$$00000006)
    .ARM.Collect$$libinit$$00000007          0x080002fa   Section        8  libinit2.o(.ARM.Collect$$libinit$$00000007)
    .ARM.Collect$$libinit$$0000000C          0x08000302   Section        0  libinit2.o(.ARM.Collect$$libinit$$0000000C)
    .ARM.Collect$$libinit$$0000000E          0x08000302   Section        0  libinit2.o(.ARM.Collect$$libinit$$0000000E)
    .ARM.Collect$$libinit$$00000010          0x08000302   Section        0  libinit2.o(.ARM.Collect$$libinit$$00000010)
    .ARM.Collect$$libinit$$00000011          0x08000302   Section        6  libinit2.o(.ARM.Collect$$libinit$$00000011)
    .ARM.Collect$$libinit$$00000013          0x08000308   Section        0  libinit2.o(.ARM.Collect$$libinit$$00000013)
    .ARM.Collect$$libinit$$00000014          0x08000308   Section       12  libinit2.o(.ARM.Collect$$libinit$$00000014)
    .ARM.Collect$$libinit$$00000015          0x08000314   Section        0  libinit2.o(.ARM.Collect$$libinit$$00000015)
    .ARM.Collect$$libinit$$00000017          0x08000314   Section        0  libinit2.o(.ARM.Collect$$libinit$$00000017)
    .ARM.Collect$$libinit$$00000018          0x08000314   Section       10  libinit2.o(.ARM.Collect$$libinit$$00000018)
    .ARM.Collect$$libinit$$00000019          0x0800031e   Section        0  libinit2.o(.ARM.Collect$$libinit$$00000019)
    .ARM.Collect$$libinit$$0000001B          0x0800031e   Section        0  libinit2.o(.ARM.Collect$$libinit$$0000001B)
    .ARM.Collect$$libinit$$0000001D          0x0800031e   Section        0  libinit2.o(.ARM.Collect$$libinit$$0000001D)
    .ARM.Collect$$libinit$$0000001F          0x0800031e   Section        0  libinit2.o(.ARM.Collect$$libinit$$0000001F)
    .ARM.Collect$$libinit$$00000021          0x0800031e   Section        0  libinit2.o(.ARM.Collect$$libinit$$00000021)
    .ARM.Collect$$libinit$$00000023          0x0800031e   Section        0  libinit2.o(.ARM.Collect$$libinit$$00000023)
    .ARM.Collect$$libinit$$00000025          0x0800031e   Section        0  libinit2.o(.ARM.Collect$$libinit$$00000025)
    .ARM.Collect$$libinit$$00000026          0x0800031e   Section        4  libinit2.o(.ARM.Collect$$libinit$$00000026)
    .ARM.Collect$$libinit$$00000027          0x08000322   Section        0  libinit2.o(.ARM.Collect$$libinit$$00000027)
    .ARM.Collect$$libinit$$0000002E          0x08000322   Section        0  libinit2.o(.ARM.Collect$$libinit$$0000002E)
    .ARM.Collect$$libinit$$00000030          0x08000322   Section        0  libinit2.o(.ARM.Collect$$libinit$$00000030)
    .ARM.Collect$$libinit$$00000032          0x08000322   Section        0  libinit2.o(.ARM.Collect$$libinit$$00000032)
    .ARM.Collect$$libinit$$00000034          0x08000322   Section        0  libinit2.o(.ARM.Collect$$libinit$$00000034)
    .ARM.Collect$$libinit$$00000035          0x08000322   Section        2  libinit2.o(.ARM.Collect$$libinit$$00000035)
    .ARM.Collect$$libshutdown$$00000000      0x08000324   Section        2  libshutdown.o(.ARM.Collect$$libshutdown$$00000000)
    .ARM.Collect$$libshutdown$$00000002      0x08000326   Section        0  libshutdown2.o(.ARM.Collect$$libshutdown$$00000002)
    .ARM.Collect$$libshutdown$$00000003      0x08000326   Section        4  libshutdown2.o(.ARM.Collect$$libshutdown$$00000003)
    .ARM.Collect$$libshutdown$$00000004      0x0800032a   Section        0  libshutdown2.o(.ARM.Collect$$libshutdown$$00000004)
    .ARM.Collect$$libshutdown$$00000007      0x0800032a   Section        0  libshutdown2.o(.ARM.Collect$$libshutdown$$00000007)
    .ARM.Collect$$libshutdown$$0000000A      0x0800032a   Section        0  libshutdown2.o(.ARM.Collect$$libshutdown$$0000000A)
    .ARM.Collect$$libshutdown$$0000000C      0x0800032a   Section        0  libshutdown2.o(.ARM.Collect$$libshutdown$$0000000C)
    .ARM.Collect$$libshutdown$$0000000F      0x0800032a   Section        0  libshutdown2.o(.ARM.Collect$$libshutdown$$0000000F)
    .ARM.Collect$$libshutdown$$00000010      0x0800032a   Section        2  libshutdown2.o(.ARM.Collect$$libshutdown$$00000010)
    .ARM.Collect$$rtentry$$00000000          0x0800032c   Section        0  __rtentry.o(.ARM.Collect$$rtentry$$00000000)
    .ARM.Collect$$rtentry$$00000002          0x0800032c   Section        0  __rtentry2.o(.ARM.Collect$$rtentry$$00000002)
    .ARM.Collect$$rtentry$$00000004          0x0800032c   Section        6  __rtentry4.o(.ARM.Collect$$rtentry$$00000004)
    .ARM.Collect$$rtentry$$00000009          0x08000332   Section        0  __rtentry2.o(.ARM.Collect$$rtentry$$00000009)
    .ARM.Collect$$rtentry$$0000000A          0x08000332   Section        4  __rtentry2.o(.ARM.Collect$$rtentry$$0000000A)
    .ARM.Collect$$rtentry$$0000000C          0x08000336   Section        0  __rtentry2.o(.ARM.Collect$$rtentry$$0000000C)
    .ARM.Collect$$rtentry$$0000000D          0x08000336   Section        8  __rtentry2.o(.ARM.Collect$$rtentry$$0000000D)
    .ARM.Collect$$rtexit$$00000000           0x0800033e   Section        2  rtexit.o(.ARM.Collect$$rtexit$$00000000)
    .ARM.Collect$$rtexit$$00000002           0x08000340   Section        0  rtexit2.o(.ARM.Collect$$rtexit$$00000002)
    .ARM.Collect$$rtexit$$00000003           0x08000340   Section        4  rtexit2.o(.ARM.Collect$$rtexit$$00000003)
    .ARM.Collect$$rtexit$$00000004           0x08000344   Section        6  rtexit2.o(.ARM.Collect$$rtexit$$00000004)
    $v0                                      0x0800034c   Number         0  startup_stm32f412zx.o(.text)
    .text                                    0x0800034c   Section       64  startup_stm32f412zx.o(.text)
    .text                                    0x0800038c   Section        0  printf.o(.text)
    .text                                    0x080003a4   Section      138  rt_memcpy_v6.o(.text)
    .text                                    0x08000430   Section      124  strcmpv7em.o(.text)
    .text                                    0x080004ac   Section        0  heapauxi.o(.text)
    .text                                    0x080004b2   Section        0  _printf_pad.o(.text)
    .text                                    0x08000500   Section        0  _printf_truncate.o(.text)
    .text                                    0x08000524   Section        0  _printf_str.o(.text)
    .text                                    0x08000578   Section        0  _printf_dec.o(.text)
    .text                                    0x080005f0   Section        0  _printf_charcount.o(.text)
    .text                                    0x08000618   Section        0  _printf_char_file.o(.text)
    .text                                    0x0800063c   Section        0  _printf_wctomb.o(.text)
    .text                                    0x080006f8   Section        0  _printf_longlong_dec.o(.text)
    _printf_longlong_oct_internal            0x08000775   Thumb Code     0  _printf_oct_int_ll.o(.text)
    .text                                    0x08000774   Section        0  _printf_oct_int_ll.o(.text)
    _printf_hex_common                       0x080007e5   Thumb Code     0  _printf_hex_int_ll_ptr.o(.text)
    .text                                    0x080007e4   Section        0  _printf_hex_int_ll_ptr.o(.text)
    .text                                    0x08000878   Section        0  __printf_flags_ss_wp.o(.text)
    .text                                    0x08000a00   Section      100  rt_memcpy_w.o(.text)
    .text                                    0x08000a64   Section      138  lludiv10.o(.text)
    .text                                    0x08000aee   Section        0  _printf_intcommon.o(.text)
    _fp_digits                               0x08000ba1   Thumb Code   432  _printf_fp_dec.o(.text)
    .text                                    0x08000ba0   Section        0  _printf_fp_dec.o(.text)
    .text                                    0x08000fbc   Section        0  _printf_fp_hex.o(.text)
    _printf_input_char                       0x080012b9   Thumb Code    10  _printf_char_common.o(.text)
    .text                                    0x080012b8   Section        0  _printf_char_common.o(.text)
    .text                                    0x080012e8   Section        0  _printf_char.o(.text)
    .text                                    0x08001314   Section        0  _printf_wchar.o(.text)
    .text                                    0x08001340   Section        0  ferror.o(.text)
    .text                                    0x08001348   Section        0  initio.o(.text)
    .text                                    0x08001480   Section        0  _c16rtomb.o(.text)
    .text                                    0x080014c8   Section       74  sys_stackheap_outer.o(.text)
    .text                                    0x08001514   Section       16  rt_ctype_table.o(.text)
    .text                                    0x08001524   Section        8  rt_locale_intlibspace.o(.text)
    .text                                    0x0800152c   Section        0  h1_free.o(.text)
    .text                                    0x0800157c   Section        0  _printf_fp_infnan.o(.text)
    .text                                    0x080015fc   Section        0  bigflt0.o(.text)
    .text                                    0x080016e0   Section        0  flsbuf.o(.text)
    .text                                    0x080018c2   Section        0  setvbuf.o(.text)
    _freopen_locked                          0x08001909   Thumb Code     0  fopen.o(.text)
    .text                                    0x08001908   Section        0  fopen.o(.text)
    .text                                    0x080019f8   Section        0  fclose.o(.text)
    .text                                    0x08001a44   Section        0  exit.o(.text)
    .text                                    0x08001a56   Section        0  defsig_rtred_outer.o(.text)
    .text                                    0x08001a64   Section       78  rt_memclr_w.o(.text)
    .text                                    0x08001ab4   Section        8  libspace.o(.text)
    .text                                    0x08001abc   Section        8  rt_heap_descriptor_intlibspace.o(.text)
    .text                                    0x08001ac4   Section        0  hguard.o(.text)
    .text                                    0x08001ac8   Section        0  init_alloc.o(.text)
    .text                                    0x08001b52   Section        0  h1_alloc.o(.text)
    .text                                    0x08001bb0   Section        0  fseek.o(.text)
    .text                                    0x08001ca8   Section        0  stdio.o(.text)
    .text                                    0x08001db0   Section        0  defsig_exit.o(.text)
    .text                                    0x08001dbc   Section        0  defsig_rtred_inner.o(.text)
    .text                                    0x08001df0   Section        0  sys_exit.o(.text)
    .text                                    0x08001dfc   Section        0  maybetermalloc1.o(.text)
    .text                                    0x08001dfc   Section        0  h1_init.o(.text)
    .text                                    0x08001e08   Section        0  h1_extend.o(.text)
    .text                                    0x08001e3c   Section        0  ftell.o(.text)
    .text                                    0x08001e7e   Section        0  defsig_general.o(.text)
    .text                                    0x08001eb0   Section        0  defsig_rtmem_outer.o(.text)
    .text                                    0x08001ebe   Section        0  sys_wrch.o(.text)
    .text                                    0x08001ecc   Section        2  use_no_semi.o(.text)
    .text                                    0x08001ece   Section        0  indicate_semi.o(.text)
    .text                                    0x08001ed0   Section        8  rt_errno_addr_intlibspace.o(.text)
    .text                                    0x08001ed8   Section        0  defsig_rtmem_inner.o(.text)
    [Anonymous Symbol]                       0x08001f28   Section        0  retarget_io.o(.text.ITM_SendChar)
    [Anonymous Symbol]                       0x08001f6c   Section        0  system_stm32f4xx.o(.text.SystemInit)
    [Anonymous Symbol]                       0x08001f80   Section        0  retarget_io.o(.text._sys_close)
    [Anonymous Symbol]                       0x08001fcc   Section        0  retarget_io.o(.text._sys_flen)
    [Anonymous Symbol]                       0x08002014   Section        0  retarget_io.o(.text._sys_istty)
    [Anonymous Symbol]                       0x0800205c   Section        0  retarget_io.o(.text._sys_open)
    [Anonymous Symbol]                       0x080020e0   Section        0  retarget_io.o(.text._sys_seek)
    [Anonymous Symbol]                       0x08002134   Section        0  retarget_io.o(.text._sys_write)
    [Anonymous Symbol]                       0x080021cc   Section        0  reverse_and_count.o(.text.count_words)
    count_loop                               0x080021e4   Number         0  reverse_and_count.o(.text.count_words)
    space_detected                           0x080021f4   Number         0  reverse_and_count.o(.text.count_words)
    count_done                               0x08002202   Number         0  reverse_and_count.o(.text.count_words)
    finish                                   0x0800220a   Number         0  reverse_and_count.o(.text.count_words)
    [Anonymous Symbol]                       0x08002210   Section        0  reverse_and_count.o(.text.main)
    [Anonymous Symbol]                       0x08002274   Section        0  reverse_and_count.o(.text.reverse_str)
    find_len                                 0x08002286   Number         0  reverse_and_count.o(.text.reverse_str)
    start_reverse                            0x08002292   Number         0  reverse_and_count.o(.text.reverse_str)
    reverseLoop                              0x0800229a   Number         0  reverse_and_count.o(.text.reverse_str)
    end_reverse                              0x080022aa   Number         0  reverse_and_count.o(.text.reverse_str)
    stderr_putchar                           0x080022b5   Thumb Code    16  retarget_io.o(.text.stderr_putchar)
    [Anonymous Symbol]                       0x080022b4   Section        0  retarget_io.o(.text.stderr_putchar)
    stdout_putchar                           0x080022c5   Thumb Code    16  retarget_io.o(.text.stdout_putchar)
    [Anonymous Symbol]                       0x080022c4   Section        0  retarget_io.o(.text.stdout_putchar)
    CL$$btod_d2e                             0x080022d4   Section       62  btod.o(CL$$btod_d2e)
    CL$$btod_d2e_denorm_low                  0x08002312   Section       70  btod.o(CL$$btod_d2e_denorm_low)
    CL$$btod_d2e_norm_op1                    0x08002358   Section       96  btod.o(CL$$btod_d2e_norm_op1)
    CL$$btod_div_common                      0x080023b8   Section      824  btod.o(CL$$btod_div_common)
    CL$$btod_e2e                             0x080026f0   Section      220  btod.o(CL$$btod_e2e)
    CL$$btod_ediv                            0x080027cc   Section       42  btod.o(CL$$btod_ediv)
    CL$$btod_emul                            0x080027f6   Section       42  btod.o(CL$$btod_emul)
    CL$$btod_mult_common                     0x08002820   Section      580  btod.o(CL$$btod_mult_common)
    i.__ARM_fpclassify                       0x08002a64   Section        0  fpclassify.o(i.__ARM_fpclassify)
    i._is_digit                              0x08002a94   Section        0  __printf_wp.o(i._is_digit)
    i.fputc                                  0x08002aa2   Section        0  fputc.o(i.fputc)
    locale$$code                             0x08002ac0   Section       44  lc_numeric_c.o(locale$$code)
    locale$$code                             0x08002aec   Section       44  lc_ctype_c.o(locale$$code)
    $v0                                      0x08002b18   Number         0  fpinit.o(x$fpl$fpinit)
    x$fpl$fpinit                             0x08002b18   Section       26  fpinit.o(x$fpl$fpinit)
    $v0                                      0x08002b32   Number         0  printf1.o(x$fpl$printf1)
    x$fpl$printf1                            0x08002b32   Section        4  printf1.o(x$fpl$printf1)
    $v0                                      0x08002b36   Number         0  printf2.o(x$fpl$printf2)
    x$fpl$printf2                            0x08002b36   Section        4  printf2.o(x$fpl$printf2)
    x$fpl$usenofp                            0x08002b3a   Section        0  usenofp.o(x$fpl$usenofp)
    initial_mbstate                          0x08002b3c   Data           8  _printf_wctomb.o(.constdata)
    .constdata                               0x08002b3c   Section        8  _printf_wctomb.o(.constdata)
    uc_hextab                                0x08002b44   Data          20  _printf_hex_int_ll_ptr.o(.constdata)
    .constdata                               0x08002b44   Section       40  _printf_hex_int_ll_ptr.o(.constdata)
    lc_hextab                                0x08002b58   Data          20  _printf_hex_int_ll_ptr.o(.constdata)
    maptable                                 0x08002b6c   Data          17  __printf_flags_ss_wp.o(.constdata)
    .constdata                               0x08002b6c   Section       17  __printf_flags_ss_wp.o(.constdata)
    lc_hextab                                0x08002b7d   Data          19  _printf_fp_hex.o(.constdata)
    .constdata                               0x08002b7d   Section       38  _printf_fp_hex.o(.constdata)
    uc_hextab                                0x08002b90   Data          19  _printf_fp_hex.o(.constdata)
    tenpwrs_x                                0x08002ba4   Data          60  bigflt0.o(.constdata)
    .constdata                               0x08002ba4   Section      148  bigflt0.o(.constdata)
    tenpwrs_i                                0x08002be0   Data          64  bigflt0.o(.constdata)
    .L.str.2                                 0x08002c4f   Data          16  reverse_and_count.o(.rodata.str1.1)
    [Anonymous Symbol]                       0x08002c4f   Section        0  reverse_and_count.o(.rodata.str1.1)
    .L.str.1                                 0x08002c5f   Data          21  reverse_and_count.o(.rodata.str1.1)
    .L.str                                   0x08002c74   Data          21  reverse_and_count.o(.rodata.str1.1)
    .L__const.main.str                       0x08002c89   Data          24  reverse_and_count.o(.rodata.str1.1)
    .L.str                                   0x08002ca1   Data           7  retarget_io.o(.rodata.str1.1)
    [Anonymous Symbol]                       0x08002ca1   Section        0  retarget_io.o(.rodata.str1.1)
    .L.str.2                                 0x08002ca8   Data           8  retarget_io.o(.rodata.str1.1)
    .L.str.1                                 0x08002cb0   Data           8  retarget_io.o(.rodata.str1.1)
    locale$$data                             0x08002cd8   Section       28  lc_numeric_c.o(locale$$data)
    __lcnum_c_name                           0x08002cdc   Data           2  lc_numeric_c.o(locale$$data)
    __lcnum_c_start                          0x08002ce4   Data           0  lc_numeric_c.o(locale$$data)
    __lcnum_c_point                          0x08002cf0   Data           0  lc_numeric_c.o(locale$$data)
    __lcnum_c_thousands                      0x08002cf2   Data           0  lc_numeric_c.o(locale$$data)
    __lcnum_c_grouping                       0x08002cf3   Data           0  lc_numeric_c.o(locale$$data)
    __lcnum_c_end                            0x08002cf4   Data           0  lc_numeric_c.o(locale$$data)
    locale$$data                             0x08002cf4   Section      272  lc_ctype_c.o(locale$$data)
    __lcctype_c_name                         0x08002cf8   Data           2  lc_ctype_c.o(locale$$data)
    __lcctype_c_start                        0x08002d00   Data           0  lc_ctype_c.o(locale$$data)
    __lcctype_c_end                          0x08002e04   Data           0  lc_ctype_c.o(locale$$data)
    .data                                    0x20000000   Section        4  stdio_streams.o(.data)
    .data                                    0x20000004   Section        4  stdio_streams.o(.data)
    .data                                    0x20000008   Section        4  stdio_streams.o(.data)
    .bss                                     0x20000010   Section       84  stdio_streams.o(.bss)
    .bss                                     0x20000064   Section       84  stdio_streams.o(.bss)
    .bss                                     0x200000b8   Section       84  stdio_streams.o(.bss)
    .bss                                     0x2000010c   Section       96  libspace.o(.bss)
    Heap_Mem                                 0x20000170   Data         512  startup_stm32f412zx.o(HEAP)
    HEAP                                     0x20000170   Section      512  startup_stm32f412zx.o(HEAP)
    Stack_Mem                                0x20000370   Data        1024  startup_stm32f412zx.o(STACK)
    STACK                                    0x20000370   Section     1024  startup_stm32f412zx.o(STACK)
    __initial_sp                             0x20000770   Data           0  startup_stm32f412zx.o(STACK)

    Global Symbols

    Symbol Name                              Value     Ov Type        Size  Object(Section)

    BuildAttributes$$THM_ISAv4$E$P$D$K$B$S$7EM$VFPi3$EXTD16$VFPS$VFMA$PE$A:L22UL41UL21$X:L11$S22US41US21$IEEE1$IW$~IW$USESV6$~STKCKD$USESV7$~SHL$OTIME$ROPI$IEEEJ$EBA8$UX$STANDARDLIB$REQ8$PRES8$EABIv2 0x00000000   Number         0  anon$$obj.o ABSOLUTE
    _printf_flags                            0x00000000   Number         0  printf_stubs.o ABSOLUTE
    _printf_return_value                     0x00000000   Number         0  printf_stubs.o ABSOLUTE
    _printf_sizespec                         0x00000000   Number         0  printf_stubs.o ABSOLUTE
    _printf_widthprec                        0x00000000   Number         0  printf_stubs.o ABSOLUTE
    __ARM_exceptions_init                     - Undefined Weak Reference
    __alloca_initialize                       - Undefined Weak Reference
    __arm_preinit_                            - Undefined Weak Reference
    __arm_relocate_pie_                       - Undefined Weak Reference
    __cpp_initialize__aeabi_                  - Undefined Weak Reference
    __cxa_finalize                            - Undefined Weak Reference
    __sigvec_lookup                           - Undefined Weak Reference
    __user_heap_extent                        - Undefined Weak Reference
    _atexit_init                              - Undefined Weak Reference
    _call_atexit_fns                          - Undefined Weak Reference
    _clock_init                               - Undefined Weak Reference
    _fp_trap_init                             - Undefined Weak Reference
    _fp_trap_shutdown                         - Undefined Weak Reference
    _get_lc_collate                           - Undefined Weak Reference
    _get_lc_monetary                          - Undefined Weak Reference
    _get_lc_time                              - Undefined Weak Reference
    _getenv_init                              - Undefined Weak Reference
    _handle_redirection                       - Undefined Weak Reference
    _mutex_acquire                            - Undefined Weak Reference
    _mutex_free                               - Undefined Weak Reference
    _mutex_release                            - Undefined Weak Reference
    _printf_mbtowc                            - Undefined Weak Reference
    _printf_wc                                - Undefined Weak Reference
    _rand_init                                - Undefined Weak Reference
    _signal_finish                            - Undefined Weak Reference
    _signal_init                              - Undefined Weak Reference
    __Vectors_Size                           0x000001c4   Number         0  startup_stm32f412zx.o ABSOLUTE
    __Vectors                                0x08000000   Data           4  startup_stm32f412zx.o(RESET)
    __Vectors_End                            0x080001c4   Data           0  startup_stm32f412zx.o(RESET)
    __main                                   0x080001c5   Thumb Code     8  __main.o(!!!main)
    __scatterload                            0x080001cd   Thumb Code     0  __scatter.o(!!!scatter)
    __scatterload_rt2                        0x080001cd   Thumb Code    84  __scatter.o(!!!scatter)
    __scatterload_rt2_thumb_only             0x080001cd   Thumb Code     0  __scatter.o(!!!scatter)
    __scatterload_loop                       0x080001d7   Thumb Code     0  __scatter.o(!!!scatter)
    __scatterload_copy                       0x08000229   Thumb Code    26  __scatter_copy.o(!!handler_copy)
    __scatterload_null                       0x08000245   Thumb Code     2  __scatter.o(!!handler_null)
    __scatterload_zeroinit                   0x08000249   Thumb Code    28  __scatter_zi.o(!!handler_zi)
    _printf_n                                0x08000265   Thumb Code     0  _printf_n.o(.ARM.Collect$$_printf_percent$$00000001)
    _printf_percent                          0x08000265   Thumb Code     0  _printf_percent.o(.ARM.Collect$$_printf_percent$$00000000)
    _printf_p                                0x0800026b   Thumb Code     0  _printf_p.o(.ARM.Collect$$_printf_percent$$00000002)
    _printf_f                                0x08000271   Thumb Code     0  _printf_f.o(.ARM.Collect$$_printf_percent$$00000003)
    _printf_e                                0x08000277   Thumb Code     0  _printf_e.o(.ARM.Collect$$_printf_percent$$00000004)
    _printf_g                                0x0800027d   Thumb Code     0  _printf_g.o(.ARM.Collect$$_printf_percent$$00000005)
    _printf_a                                0x08000283   Thumb Code     0  _printf_a.o(.ARM.Collect$$_printf_percent$$00000006)
    _printf_ll                               0x08000289   Thumb Code     0  _printf_ll.o(.ARM.Collect$$_printf_percent$$00000007)
    _printf_i                                0x08000293   Thumb Code     0  _printf_i.o(.ARM.Collect$$_printf_percent$$00000008)
    _printf_d                                0x08000299   Thumb Code     0  _printf_d.o(.ARM.Collect$$_printf_percent$$00000009)
    _printf_u                                0x0800029f   Thumb Code     0  _printf_u.o(.ARM.Collect$$_printf_percent$$0000000A)
    _printf_o                                0x080002a5   Thumb Code     0  _printf_o.o(.ARM.Collect$$_printf_percent$$0000000B)
    _printf_x                                0x080002ab   Thumb Code     0  _printf_x.o(.ARM.Collect$$_printf_percent$$0000000C)
    _printf_lli                              0x080002b1   Thumb Code     0  _printf_lli.o(.ARM.Collect$$_printf_percent$$0000000D)
    _printf_lld                              0x080002b7   Thumb Code     0  _printf_lld.o(.ARM.Collect$$_printf_percent$$0000000E)
    _printf_llu                              0x080002bd   Thumb Code     0  _printf_llu.o(.ARM.Collect$$_printf_percent$$0000000F)
    _printf_llo                              0x080002c3   Thumb Code     0  _printf_llo.o(.ARM.Collect$$_printf_percent$$00000010)
    _printf_llx                              0x080002c9   Thumb Code     0  _printf_llx.o(.ARM.Collect$$_printf_percent$$00000011)
    _printf_l                                0x080002cf   Thumb Code     0  _printf_l.o(.ARM.Collect$$_printf_percent$$00000012)
    _printf_c                                0x080002d9   Thumb Code     0  _printf_c.o(.ARM.Collect$$_printf_percent$$00000013)
    _printf_s                                0x080002df   Thumb Code     0  _printf_s.o(.ARM.Collect$$_printf_percent$$00000014)
    _printf_lc                               0x080002e5   Thumb Code     0  _printf_lc.o(.ARM.Collect$$_printf_percent$$00000015)
    _printf_ls                               0x080002eb   Thumb Code     0  _printf_ls.o(.ARM.Collect$$_printf_percent$$00000016)
    _printf_percent_end                      0x080002f1   Thumb Code     0  _printf_percent_end.o(.ARM.Collect$$_printf_percent$$00000017)
    __rt_lib_init                            0x080002f5   Thumb Code     0  libinit.o(.ARM.Collect$$libinit$$00000000)
    __rt_lib_init_fp_1                       0x080002f7   Thumb Code     0  libinit2.o(.ARM.Collect$$libinit$$00000001)
    __rt_lib_init_heap_2                     0x080002fb   Thumb Code     0  libinit2.o(.ARM.Collect$$libinit$$00000007)
    __rt_lib_init_preinit_1                  0x080002fb   Thumb Code     0  libinit2.o(.ARM.Collect$$libinit$$00000006)
    __rt_lib_init_relocate_pie_1             0x080002fb   Thumb Code     0  libinit2.o(.ARM.Collect$$libinit$$00000004)
    __rt_lib_init_heap_1                     0x08000303   Thumb Code     0  libinit2.o(.ARM.Collect$$libinit$$0000000C)
    __rt_lib_init_lc_common                  0x08000303   Thumb Code     0  libinit2.o(.ARM.Collect$$libinit$$00000011)
    __rt_lib_init_rand_1                     0x08000303   Thumb Code     0  libinit2.o(.ARM.Collect$$libinit$$00000010)
    __rt_lib_init_user_alloc_1               0x08000303   Thumb Code     0  libinit2.o(.ARM.Collect$$libinit$$0000000E)
    __rt_lib_init_lc_collate_1               0x08000309   Thumb Code     0  libinit2.o(.ARM.Collect$$libinit$$00000013)
    __rt_lib_init_lc_ctype_2                 0x08000309   Thumb Code     0  libinit2.o(.ARM.Collect$$libinit$$00000014)
    __rt_lib_init_lc_ctype_1                 0x08000315   Thumb Code     0  libinit2.o(.ARM.Collect$$libinit$$00000015)
    __rt_lib_init_lc_monetary_1              0x08000315   Thumb Code     0  libinit2.o(.ARM.Collect$$libinit$$00000017)
    __rt_lib_init_lc_numeric_2               0x08000315   Thumb Code     0  libinit2.o(.ARM.Collect$$libinit$$00000018)
    __rt_lib_init_atexit_1                   0x0800031f   Thumb Code     0  libinit2.o(.ARM.Collect$$libinit$$0000001D)
    __rt_lib_init_clock_1                    0x0800031f   Thumb Code     0  libinit2.o(.ARM.Collect$$libinit$$00000023)
    __rt_lib_init_fp_trap_1                  0x0800031f   Thumb Code     0  libinit2.o(.ARM.Collect$$libinit$$00000021)
    __rt_lib_init_getenv_1                   0x0800031f   Thumb Code     0  libinit2.o(.ARM.Collect$$libinit$$00000025)
    __rt_lib_init_lc_numeric_1               0x0800031f   Thumb Code     0  libinit2.o(.ARM.Collect$$libinit$$00000019)
    __rt_lib_init_lc_time_1                  0x0800031f   Thumb Code     0  libinit2.o(.ARM.Collect$$libinit$$0000001B)
    __rt_lib_init_signal_1                   0x0800031f   Thumb Code     0  libinit2.o(.ARM.Collect$$libinit$$0000001F)
    __rt_lib_init_stdio_2                    0x0800031f   Thumb Code     0  libinit2.o(.ARM.Collect$$libinit$$00000026)
    __rt_lib_init_alloca_1                   0x08000323   Thumb Code     0  libinit2.o(.ARM.Collect$$libinit$$00000030)
    __rt_lib_init_argv_1                     0x08000323   Thumb Code     0  libinit2.o(.ARM.Collect$$libinit$$0000002E)
    __rt_lib_init_cpp_1                      0x08000323   Thumb Code     0  libinit2.o(.ARM.Collect$$libinit$$00000034)
    __rt_lib_init_exceptions_1               0x08000323   Thumb Code     0  libinit2.o(.ARM.Collect$$libinit$$00000032)
    __rt_lib_init_return                     0x08000323   Thumb Code     0  libinit2.o(.ARM.Collect$$libinit$$00000035)
    __rt_lib_init_stdio_1                    0x08000323   Thumb Code     0  libinit2.o(.ARM.Collect$$libinit$$00000027)
    __rt_lib_shutdown                        0x08000325   Thumb Code     0  libshutdown.o(.ARM.Collect$$libshutdown$$00000000)
    __rt_lib_shutdown_cpp_1                  0x08000327   Thumb Code     0  libshutdown2.o(.ARM.Collect$$libshutdown$$00000002)
    __rt_lib_shutdown_stdio_2                0x08000327   Thumb Code     0  libshutdown2.o(.ARM.Collect$$libshutdown$$00000003)
    __rt_lib_shutdown_fp_trap_1              0x0800032b   Thumb Code     0  libshutdown2.o(.ARM.Collect$$libshutdown$$00000007)
    __rt_lib_shutdown_heap_1                 0x0800032b   Thumb Code     0  libshutdown2.o(.ARM.Collect$$libshutdown$$0000000F)
    __rt_lib_shutdown_return                 0x0800032b   Thumb Code     0  libshutdown2.o(.ARM.Collect$$libshutdown$$00000010)
    __rt_lib_shutdown_signal_1               0x0800032b   Thumb Code     0  libshutdown2.o(.ARM.Collect$$libshutdown$$0000000A)
    __rt_lib_shutdown_stdio_1                0x0800032b   Thumb Code     0  libshutdown2.o(.ARM.Collect$$libshutdown$$00000004)
    __rt_lib_shutdown_user_alloc_1           0x0800032b   Thumb Code     0  libshutdown2.o(.ARM.Collect$$libshutdown$$0000000C)
    __rt_entry                               0x0800032d   Thumb Code     0  __rtentry.o(.ARM.Collect$$rtentry$$00000000)
    __rt_entry_presh_1                       0x0800032d   Thumb Code     0  __rtentry2.o(.ARM.Collect$$rtentry$$00000002)
    __rt_entry_sh                            0x0800032d   Thumb Code     0  __rtentry4.o(.ARM.Collect$$rtentry$$00000004)
    __rt_entry_li                            0x08000333   Thumb Code     0  __rtentry2.o(.ARM.Collect$$rtentry$$0000000A)
    __rt_entry_postsh_1                      0x08000333   Thumb Code     0  __rtentry2.o(.ARM.Collect$$rtentry$$00000009)
    __rt_entry_main                          0x08000337   Thumb Code     0  __rtentry2.o(.ARM.Collect$$rtentry$$0000000D)
    __rt_entry_postli_1                      0x08000337   Thumb Code     0  __rtentry2.o(.ARM.Collect$$rtentry$$0000000C)
    __rt_exit                                0x0800033f   Thumb Code     0  rtexit.o(.ARM.Collect$$rtexit$$00000000)
    __rt_exit_ls                             0x08000341   Thumb Code     0  rtexit2.o(.ARM.Collect$$rtexit$$00000003)
    __rt_exit_prels_1                        0x08000341   Thumb Code     0  rtexit2.o(.ARM.Collect$$rtexit$$00000002)
    __rt_exit_exit                           0x08000345   Thumb Code     0  rtexit2.o(.ARM.Collect$$rtexit$$00000004)
    Reset_Handler                            0x0800034d   Thumb Code     8  startup_stm32f412zx.o(.text)
    NMI_Handler                              0x08000355   Thumb Code     2  startup_stm32f412zx.o(.text)
    HardFault_Handler                        0x08000357   Thumb Code     2  startup_stm32f412zx.o(.text)
    MemManage_Handler                        0x08000359   Thumb Code     2  startup_stm32f412zx.o(.text)
    BusFault_Handler                         0x0800035b   Thumb Code     2  startup_stm32f412zx.o(.text)
    UsageFault_Handler                       0x0800035d   Thumb Code     2  startup_stm32f412zx.o(.text)
    SVC_Handler                              0x0800035f   Thumb Code     2  startup_stm32f412zx.o(.text)
    DebugMon_Handler                         0x08000361   Thumb Code     2  startup_stm32f412zx.o(.text)
    PendSV_Handler                           0x08000363   Thumb Code     2  startup_stm32f412zx.o(.text)
    SysTick_Handler                          0x08000365   Thumb Code     2  startup_stm32f412zx.o(.text)
    ADC_IRQHandler                           0x08000367   Thumb Code     0  startup_stm32f412zx.o(.text)
    CAN1_RX0_IRQHandler                      0x08000367   Thumb Code     0  startup_stm32f412zx.o(.text)
    CAN1_RX1_IRQHandler                      0x08000367   Thumb Code     0  startup_stm32f412zx.o(.text)
    CAN1_SCE_IRQHandler                      0x08000367   Thumb Code     0  startup_stm32f412zx.o(.text)
    CAN1_TX_IRQHandler                       0x08000367   Thumb Code     0  startup_stm32f412zx.o(.text)
    CAN2_RX0_IRQHandler                      0x08000367   Thumb Code     0  startup_stm32f412zx.o(.text)
    CAN2_RX1_IRQHandler                      0x08000367   Thumb Code     0  startup_stm32f412zx.o(.text)
    CAN2_SCE_IRQHandler                      0x08000367   Thumb Code     0  startup_stm32f412zx.o(.text)
    CAN2_TX_IRQHandler                       0x08000367   Thumb Code     0  startup_stm32f412zx.o(.text)
    DFSDM1_FLT0_IRQHandler                   0x08000367   Thumb Code     0  startup_stm32f412zx.o(.text)
    DFSDM1_FLT1_IRQHandler                   0x08000367   Thumb Code     0  startup_stm32f412zx.o(.text)
    DMA1_Stream0_IRQHandler                  0x08000367   Thumb Code     0  startup_stm32f412zx.o(.text)
    DMA1_Stream1_IRQHandler                  0x08000367   Thumb Code     0  startup_stm32f412zx.o(.text)
    DMA1_Stream2_IRQHandler                  0x08000367   Thumb Code     0  startup_stm32f412zx.o(.text)
    DMA1_Stream3_IRQHandler                  0x08000367   Thumb Code     0  startup_stm32f412zx.o(.text)
    DMA1_Stream4_IRQHandler                  0x08000367   Thumb Code     0  startup_stm32f412zx.o(.text)
    DMA1_Stream5_IRQHandler                  0x08000367   Thumb Code     0  startup_stm32f412zx.o(.text)
    DMA1_Stream6_IRQHandler                  0x08000367   Thumb Code     0  startup_stm32f412zx.o(.text)
    DMA1_Stream7_IRQHandler                  0x08000367   Thumb Code     0  startup_stm32f412zx.o(.text)
    DMA2_Stream0_IRQHandler                  0x08000367   Thumb Code     0  startup_stm32f412zx.o(.text)
    DMA2_Stream1_IRQHandler                  0x08000367   Thumb Code     0  startup_stm32f412zx.o(.text)
    DMA2_Stream2_IRQHandler                  0x08000367   Thumb Code     0  startup_stm32f412zx.o(.text)
    DMA2_Stream3_IRQHandler                  0x08000367   Thumb Code     0  startup_stm32f412zx.o(.text)
    DMA2_Stream4_IRQHandler                  0x08000367   Thumb Code     0  startup_stm32f412zx.o(.text)
    DMA2_Stream5_IRQHandler                  0x08000367   Thumb Code     0  startup_stm32f412zx.o(.text)
    DMA2_Stream6_IRQHandler                  0x08000367   Thumb Code     0  startup_stm32f412zx.o(.text)
    DMA2_Stream7_IRQHandler                  0x08000367   Thumb Code     0  startup_stm32f412zx.o(.text)
    EXTI0_IRQHandler                         0x08000367   Thumb Code     0  startup_stm32f412zx.o(.text)
    EXTI15_10_IRQHandler                     0x08000367   Thumb Code     0  startup_stm32f412zx.o(.text)
    EXTI1_IRQHandler                         0x08000367   Thumb Code     0  startup_stm32f412zx.o(.text)
    EXTI2_IRQHandler                         0x08000367   Thumb Code     0  startup_stm32f412zx.o(.text)
    EXTI3_IRQHandler                         0x08000367   Thumb Code     0  startup_stm32f412zx.o(.text)
    EXTI4_IRQHandler                         0x08000367   Thumb Code     0  startup_stm32f412zx.o(.text)
    EXTI9_5_IRQHandler                       0x08000367   Thumb Code     0  startup_stm32f412zx.o(.text)
    FLASH_IRQHandler                         0x08000367   Thumb Code     0  startup_stm32f412zx.o(.text)
    FMPI2C1_ER_IRQHandler                    0x08000367   Thumb Code     0  startup_stm32f412zx.o(.text)
    FMPI2C1_EV_IRQHandler                    0x08000367   Thumb Code     0  startup_stm32f412zx.o(.text)
    FPU_IRQHandler                           0x08000367   Thumb Code     0  startup_stm32f412zx.o(.text)
    I2C1_ER_IRQHandler                       0x08000367   Thumb Code     0  startup_stm32f412zx.o(.text)
    I2C1_EV_IRQHandler                       0x08000367   Thumb Code     0  startup_stm32f412zx.o(.text)
    I2C2_ER_IRQHandler                       0x08000367   Thumb Code     0  startup_stm32f412zx.o(.text)
    I2C2_EV_IRQHandler                       0x08000367   Thumb Code     0  startup_stm32f412zx.o(.text)
    I2C3_ER_IRQHandler                       0x08000367   Thumb Code     0  startup_stm32f412zx.o(.text)
    I2C3_EV_IRQHandler                       0x08000367   Thumb Code     0  startup_stm32f412zx.o(.text)
    OTG_FS_IRQHandler                        0x08000367   Thumb Code     0  startup_stm32f412zx.o(.text)
    OTG_FS_WKUP_IRQHandler                   0x08000367   Thumb Code     0  startup_stm32f412zx.o(.text)
    PVD_IRQHandler                           0x08000367   Thumb Code     0  startup_stm32f412zx.o(.text)
    QUADSPI_IRQHandler                       0x08000367   Thumb Code     0  startup_stm32f412zx.o(.text)
    RCC_IRQHandler                           0x08000367   Thumb Code     0  startup_stm32f412zx.o(.text)
    RNG_IRQHandler                           0x08000367   Thumb Code     0  startup_stm32f412zx.o(.text)
    RTC_Alarm_IRQHandler                     0x08000367   Thumb Code     0  startup_stm32f412zx.o(.text)
    RTC_WKUP_IRQHandler                      0x08000367   Thumb Code     0  startup_stm32f412zx.o(.text)
    SDIO_IRQHandler                          0x08000367   Thumb Code     0  startup_stm32f412zx.o(.text)
    SPI1_IRQHandler                          0x08000367   Thumb Code     0  startup_stm32f412zx.o(.text)
    SPI2_IRQHandler                          0x08000367   Thumb Code     0  startup_stm32f412zx.o(.text)
    SPI3_IRQHandler                          0x08000367   Thumb Code     0  startup_stm32f412zx.o(.text)
    SPI4_IRQHandler                          0x08000367   Thumb Code     0  startup_stm32f412zx.o(.text)
    SPI5_IRQHandler                          0x08000367   Thumb Code     0  startup_stm32f412zx.o(.text)
    TAMP_STAMP_IRQHandler                    0x08000367   Thumb Code     0  startup_stm32f412zx.o(.text)
    TIM1_BRK_TIM9_IRQHandler                 0x08000367   Thumb Code     0  startup_stm32f412zx.o(.text)
    TIM1_CC_IRQHandler                       0x08000367   Thumb Code     0  startup_stm32f412zx.o(.text)
    TIM1_TRG_COM_TIM11_IRQHandler            0x08000367   Thumb Code     0  startup_stm32f412zx.o(.text)
    TIM1_UP_TIM10_IRQHandler                 0x08000367   Thumb Code     0  startup_stm32f412zx.o(.text)
    TIM2_IRQHandler                          0x08000367   Thumb Code     0  startup_stm32f412zx.o(.text)
    TIM3_IRQHandler                          0x08000367   Thumb Code     0  startup_stm32f412zx.o(.text)
    TIM4_IRQHandler                          0x08000367   Thumb Code     0  startup_stm32f412zx.o(.text)
    TIM5_IRQHandler                          0x08000367   Thumb Code     0  startup_stm32f412zx.o(.text)
    TIM6_IRQHandler                          0x08000367   Thumb Code     0  startup_stm32f412zx.o(.text)
    TIM7_IRQHandler                          0x08000367   Thumb Code     0  startup_stm32f412zx.o(.text)
    TIM8_BRK_TIM12_IRQHandler                0x08000367   Thumb Code     0  startup_stm32f412zx.o(.text)
    TIM8_CC_IRQHandler                       0x08000367   Thumb Code     0  startup_stm32f412zx.o(.text)
    TIM8_TRG_COM_TIM14_IRQHandler            0x08000367   Thumb Code     0  startup_stm32f412zx.o(.text)
    TIM8_UP_TIM13_IRQHandler                 0x08000367   Thumb Code     0  startup_stm32f412zx.o(.text)
    USART1_IRQHandler                        0x08000367   Thumb Code     0  startup_stm32f412zx.o(.text)
    USART2_IRQHandler                        0x08000367   Thumb Code     0  startup_stm32f412zx.o(.text)
    USART3_IRQHandler                        0x08000367   Thumb Code     0  startup_stm32f412zx.o(.text)
    USART6_IRQHandler                        0x08000367   Thumb Code     0  startup_stm32f412zx.o(.text)
    WWDG_IRQHandler                          0x08000367   Thumb Code     0  startup_stm32f412zx.o(.text)
    __user_initial_stackheap                 0x08000369   Thumb Code     0  startup_stm32f412zx.o(.text)
    printf                                   0x0800038d   Thumb Code    20  printf.o(.text)
    __aeabi_memcpy                           0x080003a5   Thumb Code     0  rt_memcpy_v6.o(.text)
    __rt_memcpy                              0x080003a5   Thumb Code   138  rt_memcpy_v6.o(.text)
    _memcpy_lastbytes                        0x0800040b   Thumb Code     0  rt_memcpy_v6.o(.text)
    strcmp                                   0x08000431   Thumb Code   124  strcmpv7em.o(.text)
    __use_two_region_memory                  0x080004ad   Thumb Code     2  heapauxi.o(.text)
    __rt_heap_escrow                         0x080004af   Thumb Code     2  heapauxi.o(.text)
    __rt_heap_expand                         0x080004b1   Thumb Code     2  heapauxi.o(.text)
    _printf_pre_padding                      0x080004b3   Thumb Code    44  _printf_pad.o(.text)
    _printf_post_padding                     0x080004df   Thumb Code    34  _printf_pad.o(.text)
    _printf_truncate_signed                  0x08000501   Thumb Code    18  _printf_truncate.o(.text)
    _printf_truncate_unsigned                0x08000513   Thumb Code    18  _printf_truncate.o(.text)
    _printf_str                              0x08000525   Thumb Code    82  _printf_str.o(.text)
    _printf_int_dec                          0x08000579   Thumb Code   104  _printf_dec.o(.text)
    _printf_charcount                        0x080005f1   Thumb Code    40  _printf_charcount.o(.text)
    _printf_char_file                        0x08000619   Thumb Code    32  _printf_char_file.o(.text)
    _printf_wctomb                           0x0800063d   Thumb Code   182  _printf_wctomb.o(.text)
    _printf_longlong_dec                     0x080006f9   Thumb Code   108  _printf_longlong_dec.o(.text)
    _printf_longlong_oct                     0x08000775   Thumb Code    68  _printf_oct_int_ll.o(.text)
    _printf_int_oct                          0x080007b9   Thumb Code    24  _printf_oct_int_ll.o(.text)
    _printf_ll_oct                           0x080007d1   Thumb Code    12  _printf_oct_int_ll.o(.text)
    _printf_longlong_hex                     0x080007e5   Thumb Code    86  _printf_hex_int_ll_ptr.o(.text)
    _printf_int_hex                          0x0800083b   Thumb Code    28  _printf_hex_int_ll_ptr.o(.text)
    _printf_ll_hex                           0x08000857   Thumb Code    12  _printf_hex_int_ll_ptr.o(.text)
    _printf_hex_ptr                          0x08000863   Thumb Code    18  _printf_hex_int_ll_ptr.o(.text)
    __printf                                 0x08000879   Thumb Code   388  __printf_flags_ss_wp.o(.text)
    __aeabi_memcpy4                          0x08000a01   Thumb Code     0  rt_memcpy_w.o(.text)
    __aeabi_memcpy8                          0x08000a01   Thumb Code     0  rt_memcpy_w.o(.text)
    __rt_memcpy_w                            0x08000a01   Thumb Code   100  rt_memcpy_w.o(.text)
    _memcpy_lastbytes_aligned                0x08000a49   Thumb Code     0  rt_memcpy_w.o(.text)
    _ll_udiv10                               0x08000a65   Thumb Code   138  lludiv10.o(.text)
    _printf_int_common                       0x08000aef   Thumb Code   178  _printf_intcommon.o(.text)
    _printf_fp_dec_real                      0x08000d51   Thumb Code   620  _printf_fp_dec.o(.text)
    _printf_fp_hex_real                      0x08000fbd   Thumb Code   756  _printf_fp_hex.o(.text)
    _printf_char_common                      0x080012c3   Thumb Code    32  _printf_char_common.o(.text)
    _printf_cs_common                        0x080012e9   Thumb Code    20  _printf_char.o(.text)
    _printf_char                             0x080012fd   Thumb Code    16  _printf_char.o(.text)
    _printf_string                           0x0800130d   Thumb Code     8  _printf_char.o(.text)
    _printf_lcs_common                       0x08001315   Thumb Code    20  _printf_wchar.o(.text)
    _printf_wchar                            0x08001329   Thumb Code    16  _printf_wchar.o(.text)
    _printf_wstring                          0x08001339   Thumb Code     8  _printf_wchar.o(.text)
    ferror                                   0x08001341   Thumb Code     8  ferror.o(.text)
    _initio                                  0x08001349   Thumb Code   210  initio.o(.text)
    _terminateio                             0x0800141b   Thumb Code    56  initio.o(.text)
    _c16rtomb                                0x08001481   Thumb Code    72  _c16rtomb.o(.text)
    _wcrtomb                                 0x08001481   Thumb Code     0  _c16rtomb.o(.text)
    __user_setup_stackheap                   0x080014c9   Thumb Code    74  sys_stackheap_outer.o(.text)
    __rt_ctype_table                         0x08001515   Thumb Code    16  rt_ctype_table.o(.text)
    __rt_locale                              0x08001525   Thumb Code     8  rt_locale_intlibspace.o(.text)
    free                                     0x0800152d   Thumb Code    78  h1_free.o(.text)
    _printf_fp_infnan                        0x0800157d   Thumb Code   112  _printf_fp_infnan.o(.text)
    _btod_etento                             0x080015fd   Thumb Code   224  bigflt0.o(.text)
    __flsbuf                                 0x080016e1   Thumb Code   482  flsbuf.o(.text)
    __flsbuf_byte                            0x080016e1   Thumb Code     0  flsbuf.o(.text)
    __flsbuf_wide                            0x080016e1   Thumb Code     0  flsbuf.o(.text)
    setvbuf                                  0x080018c3   Thumb Code    70  setvbuf.o(.text)
    freopen                                  0x08001909   Thumb Code   160  fopen.o(.text)
    fopen                                    0x080019a9   Thumb Code    74  fopen.o(.text)
    _fclose_internal                         0x080019f9   Thumb Code    76  fclose.o(.text)
    fclose                                   0x080019f9   Thumb Code     0  fclose.o(.text)
    exit                                     0x08001a45   Thumb Code    18  exit.o(.text)
    __rt_SIGRTRED                            0x08001a57   Thumb Code    14  defsig_rtred_outer.o(.text)
    __aeabi_memclr4                          0x08001a65   Thumb Code     0  rt_memclr_w.o(.text)
    __aeabi_memclr8                          0x08001a65   Thumb Code     0  rt_memclr_w.o(.text)
    __rt_memclr_w                            0x08001a65   Thumb Code     0  rt_memclr_w.o(.text)
    _memset_w                                0x08001a69   Thumb Code    74  rt_memclr_w.o(.text)
    __user_libspace                          0x08001ab5   Thumb Code     8  libspace.o(.text)
    __user_perproc_libspace                  0x08001ab5   Thumb Code     0  libspace.o(.text)
    __user_perthread_libspace                0x08001ab5   Thumb Code     0  libspace.o(.text)
    __rt_heap_descriptor                     0x08001abd   Thumb Code     8  rt_heap_descriptor_intlibspace.o(.text)
    __use_no_heap                            0x08001ac5   Thumb Code     2  hguard.o(.text)
    __heap$guard                             0x08001ac7   Thumb Code     2  hguard.o(.text)
    _terminate_user_alloc                    0x08001ac9   Thumb Code     2  init_alloc.o(.text)
    _init_user_alloc                         0x08001acb   Thumb Code     2  init_alloc.o(.text)
    __Heap_Full                              0x08001acd   Thumb Code    34  init_alloc.o(.text)
    __Heap_Broken                            0x08001aef   Thumb Code     6  init_alloc.o(.text)
    _init_alloc                              0x08001af5   Thumb Code    94  init_alloc.o(.text)
    malloc                                   0x08001b53   Thumb Code    94  h1_alloc.o(.text)
    _fseek                                   0x08001bb1   Thumb Code   242  fseek.o(.text)
    fseek                                    0x08001bb1   Thumb Code     0  fseek.o(.text)
    _seterr                                  0x08001ca9   Thumb Code    20  stdio.o(.text)
    _writebuf                                0x08001cbd   Thumb Code   108  stdio.o(.text)
    _fflush                                  0x08001d29   Thumb Code    70  stdio.o(.text)
    _deferredlazyseek                        0x08001d6f   Thumb Code    60  stdio.o(.text)
    __sig_exit                               0x08001db1   Thumb Code    10  defsig_exit.o(.text)
    __rt_SIGRTRED_inner                      0x08001dbd   Thumb Code    14  defsig_rtred_inner.o(.text)
    _sys_exit                                0x08001df1   Thumb Code     8  sys_exit.o(.text)
    __Heap_Initialize                        0x08001dfd   Thumb Code     8  h1_init.o(.text)
    _maybe_terminate_alloc                   0x08001dfd   Thumb Code     0  maybetermalloc1.o(.text)
    __Heap_DescSize                          0x08001e05   Thumb Code     4  h1_init.o(.text)
    __Heap_ProvideMemory                     0x08001e09   Thumb Code    52  h1_extend.o(.text)
    _ftell_internal                          0x08001e3d   Thumb Code    66  ftell.o(.text)
    ftell                                    0x08001e3d   Thumb Code     0  ftell.o(.text)
    __default_signal_display                 0x08001e7f   Thumb Code    50  defsig_general.o(.text)
    __rt_SIGRTMEM                            0x08001eb1   Thumb Code    14  defsig_rtmem_outer.o(.text)
    _ttywrch                                 0x08001ebf   Thumb Code    14  sys_wrch.o(.text)
    __I$use$semihosting                      0x08001ecd   Thumb Code     0  use_no_semi.o(.text)
    __use_no_semihosting_swi                 0x08001ecd   Thumb Code     2  use_no_semi.o(.text)
    __semihosting_library_function           0x08001ecf   Thumb Code     0  indicate_semi.o(.text)
    __aeabi_errno_addr                       0x08001ed1   Thumb Code     8  rt_errno_addr_intlibspace.o(.text)
    __errno$intlibspace                      0x08001ed1   Thumb Code     0  rt_errno_addr_intlibspace.o(.text)
    __rt_errno_addr$intlibspace              0x08001ed1   Thumb Code     0  rt_errno_addr_intlibspace.o(.text)
    __rt_SIGRTMEM_inner                      0x08001ed9   Thumb Code    22  defsig_rtmem_inner.o(.text)
    ITM_SendChar                             0x08001f29   Thumb Code    66  retarget_io.o(.text.ITM_SendChar)
    SystemInit                               0x08001f6d   Thumb Code    18  system_stm32f4xx.o(.text.SystemInit)
    _sys_close                               0x08001f81   Thumb Code    74  retarget_io.o(.text._sys_close)
    _sys_flen                                0x08001fcd   Thumb Code    72  retarget_io.o(.text._sys_flen)
    _sys_istty                               0x08002015   Thumb Code    72  retarget_io.o(.text._sys_istty)
    _sys_open                                0x0800205d   Thumb Code   132  retarget_io.o(.text._sys_open)
    _sys_seek                                0x080020e1   Thumb Code    82  retarget_io.o(.text._sys_seek)
    _sys_write                               0x08002135   Thumb Code   152  retarget_io.o(.text._sys_write)
    count_words                              0x080021cd   Thumb Code    68  reverse_and_count.o(.text.count_words)
    main                                     0x08002211   Thumb Code    98  reverse_and_count.o(.text.main)
    reverse_str                              0x08002275   Thumb Code    64  reverse_and_count.o(.text.reverse_str)
    _btod_d2e                                0x080022d5   Thumb Code    62  btod.o(CL$$btod_d2e)
    _d2e_denorm_low                          0x08002313   Thumb Code    70  btod.o(CL$$btod_d2e_denorm_low)
    _d2e_norm_op1                            0x08002359   Thumb Code    96  btod.o(CL$$btod_d2e_norm_op1)
    __btod_div_common                        0x080023b9   Thumb Code   696  btod.o(CL$$btod_div_common)
    _e2e                                     0x080026f1   Thumb Code   220  btod.o(CL$$btod_e2e)
    _btod_ediv                               0x080027cd   Thumb Code    42  btod.o(CL$$btod_ediv)
    _btod_emul                               0x080027f7   Thumb Code    42  btod.o(CL$$btod_emul)
    __btod_mult_common                       0x08002821   Thumb Code   580  btod.o(CL$$btod_mult_common)
    __ARM_fpclassify                         0x08002a65   Thumb Code    48  fpclassify.o(i.__ARM_fpclassify)
    _is_digit                                0x08002a95   Thumb Code    14  __printf_wp.o(i._is_digit)
    fputc                                    0x08002aa3   Thumb Code    28  fputc.o(i.fputc)
    _get_lc_numeric                          0x08002ac1   Thumb Code    44  lc_numeric_c.o(locale$$code)
    _get_lc_ctype                            0x08002aed   Thumb Code    44  lc_ctype_c.o(locale$$code)
    _fp_init                                 0x08002b19   Thumb Code    26  fpinit.o(x$fpl$fpinit)
    __fplib_config_fpu_vfp                   0x08002b31   Thumb Code     0  fpinit.o(x$fpl$fpinit)
    __fplib_config_pureend_doubles           0x08002b31   Thumb Code     0  fpinit.o(x$fpl$fpinit)
    _printf_fp_dec                           0x08002b33   Thumb Code     4  printf1.o(x$fpl$printf1)
    _printf_fp_hex                           0x08002b37   Thumb Code     4  printf2.o(x$fpl$printf2)
    __I$use$fp                               0x08002b3a   Number         0  usenofp.o(x$fpl$usenofp)
    __stderr_name                            0x08002c38   Data           8  retarget_io.o(.rodata.__stderr_name)
    __stdin_name                             0x08002c40   Data           7  retarget_io.o(.rodata.__stdin_name)
    __stdout_name                            0x08002c47   Data           8  retarget_io.o(.rodata.__stdout_name)
    Region$$Table$$Base                      0x08002cb8   Number         0  anon$$obj.o(Region$$Table)
    Region$$Table$$Limit                     0x08002cd8   Number         0  anon$$obj.o(Region$$Table)
    __ctype                                  0x08002d01   Data           0  lc_ctype_c.o(locale$$data)
    __aeabi_stdin                            0x20000000   Data           4  stdio_streams.o(.data)
    __aeabi_stdout                           0x20000004   Data           4  stdio_streams.o(.data)
    __aeabi_stderr                           0x20000008   Data           4  stdio_streams.o(.data)
    __stdin                                  0x20000010   Data          84  stdio_streams.o(.bss)
    __stdout                                 0x20000064   Data          84  stdio_streams.o(.bss)
    __stderr                                 0x200000b8   Data          84  stdio_streams.o(.bss)
    __libspace_start                         0x2000010c   Data          96  libspace.o(.bss)
    __temporary_stack_top$libspace           0x2000016c   Data           0  libspace.o(.bss)



==============================================================================

Memory Map of the image

  Image Entry point : 0x0800034d

  Load Region LR_1 (Base: 0x08000000, Size: 0x00002e10, Max: 0xffffffff, ABSOLUTE)

    Execution Region ER_RO (Exec base: 0x08000000, Load base: 0x08000000, Size: 0x00002e04, Max: 0xffffffff, ABSOLUTE)

    Exec Addr    Load Addr    Size         Type   Attr      Idx    E Section Name        Object

    0x08000000   0x08000000   0x000001c4   Data   RO           54    RESET               startup_stm32f412zx.o
    0x080001c4   0x080001c4   0x00000008   Code   RO           85  * !!!main             c_w.l(__main.o)
    0x080001cc   0x080001cc   0x0000005c   Code   RO          594    !!!scatter          c_w.l(__scatter.o)
    0x08000228   0x08000228   0x0000001a   Code   RO          598    !!handler_copy      c_w.l(__scatter_copy.o)
    0x08000242   0x08000242   0x00000002   PAD
    0x08000244   0x08000244   0x00000002   Code   RO          595    !!handler_null      c_w.l(__scatter.o)
    0x08000246   0x08000246   0x00000002   PAD
    0x08000248   0x08000248   0x0000001c   Code   RO          600    !!handler_zi        c_w.l(__scatter_zi.o)
    0x08000264   0x08000264   0x00000000   Code   RO          167    .ARM.Collect$$_printf_percent$$00000000  c_w.l(_printf_percent.o)
    0x08000264   0x08000264   0x00000006   Code   RO          156    .ARM.Collect$$_printf_percent$$00000001  c_w.l(_printf_n.o)
    0x0800026a   0x0800026a   0x00000006   Code   RO          158    .ARM.Collect$$_printf_percent$$00000002  c_w.l(_printf_p.o)
    0x08000270   0x08000270   0x00000006   Code   RO          163    .ARM.Collect$$_printf_percent$$00000003  c_w.l(_printf_f.o)
    0x08000276   0x08000276   0x00000006   Code   RO          164    .ARM.Collect$$_printf_percent$$00000004  c_w.l(_printf_e.o)
    0x0800027c   0x0800027c   0x00000006   Code   RO          165    .ARM.Collect$$_printf_percent$$00000005  c_w.l(_printf_g.o)
    0x08000282   0x08000282   0x00000006   Code   RO          166    .ARM.Collect$$_printf_percent$$00000006  c_w.l(_printf_a.o)
    0x08000288   0x08000288   0x0000000a   Code   RO          171    .ARM.Collect$$_printf_percent$$00000007  c_w.l(_printf_ll.o)
    0x08000292   0x08000292   0x00000006   Code   RO          160    .ARM.Collect$$_printf_percent$$00000008  c_w.l(_printf_i.o)
    0x08000298   0x08000298   0x00000006   Code   RO          161    .ARM.Collect$$_printf_percent$$00000009  c_w.l(_printf_d.o)
    0x0800029e   0x0800029e   0x00000006   Code   RO          162    .ARM.Collect$$_printf_percent$$0000000A  c_w.l(_printf_u.o)
    0x080002a4   0x080002a4   0x00000006   Code   RO          159    .ARM.Collect$$_printf_percent$$0000000B  c_w.l(_printf_o.o)
    0x080002aa   0x080002aa   0x00000006   Code   RO          157    .ARM.Collect$$_printf_percent$$0000000C  c_w.l(_printf_x.o)
    0x080002b0   0x080002b0   0x00000006   Code   RO          168    .ARM.Collect$$_printf_percent$$0000000D  c_w.l(_printf_lli.o)
    0x080002b6   0x080002b6   0x00000006   Code   RO          169    .ARM.Collect$$_printf_percent$$0000000E  c_w.l(_printf_lld.o)
    0x080002bc   0x080002bc   0x00000006   Code   RO          170    .ARM.Collect$$_printf_percent$$0000000F  c_w.l(_printf_llu.o)
    0x080002c2   0x080002c2   0x00000006   Code   RO          175    .ARM.Collect$$_printf_percent$$00000010  c_w.l(_printf_llo.o)
    0x080002c8   0x080002c8   0x00000006   Code   RO          176    .ARM.Collect$$_printf_percent$$00000011  c_w.l(_printf_llx.o)
    0x080002ce   0x080002ce   0x0000000a   Code   RO          172    .ARM.Collect$$_printf_percent$$00000012  c_w.l(_printf_l.o)
    0x080002d8   0x080002d8   0x00000006   Code   RO          154    .ARM.Collect$$_printf_percent$$00000013  c_w.l(_printf_c.o)
    0x080002de   0x080002de   0x00000006   Code   RO          155    .ARM.Collect$$_printf_percent$$00000014  c_w.l(_printf_s.o)
    0x080002e4   0x080002e4   0x00000006   Code   RO          173    .ARM.Collect$$_printf_percent$$00000015  c_w.l(_printf_lc.o)
    0x080002ea   0x080002ea   0x00000006   Code   RO          174    .ARM.Collect$$_printf_percent$$00000016  c_w.l(_printf_ls.o)
    0x080002f0   0x080002f0   0x00000004   Code   RO          225    .ARM.Collect$$_printf_percent$$00000017  c_w.l(_printf_percent_end.o)
    0x080002f4   0x080002f4   0x00000002   Code   RO          369    .ARM.Collect$$libinit$$00000000  c_w.l(libinit.o)
    0x080002f6   0x080002f6   0x00000004   Code   RO          370    .ARM.Collect$$libinit$$00000001  c_w.l(libinit2.o)
    0x080002fa   0x080002fa   0x00000000   Code   RO          373    .ARM.Collect$$libinit$$00000004  c_w.l(libinit2.o)
    0x080002fa   0x080002fa   0x00000000   Code   RO          375    .ARM.Collect$$libinit$$00000006  c_w.l(libinit2.o)
    0x080002fa   0x080002fa   0x00000008   Code   RO          376    .ARM.Collect$$libinit$$00000007  c_w.l(libinit2.o)
    0x08000302   0x08000302   0x00000000   Code   RO          378    .ARM.Collect$$libinit$$0000000C  c_w.l(libinit2.o)
    0x08000302   0x08000302   0x00000000   Code   RO          380    .ARM.Collect$$libinit$$0000000E  c_w.l(libinit2.o)
    0x08000302   0x08000302   0x00000000   Code   RO          382    .ARM.Collect$$libinit$$00000010  c_w.l(libinit2.o)
    0x08000302   0x08000302   0x00000006   Code   RO          383    .ARM.Collect$$libinit$$00000011  c_w.l(libinit2.o)
    0x08000308   0x08000308   0x00000000   Code   RO          385    .ARM.Collect$$libinit$$00000013  c_w.l(libinit2.o)
    0x08000308   0x08000308   0x0000000c   Code   RO          386    .ARM.Collect$$libinit$$00000014  c_w.l(libinit2.o)
    0x08000314   0x08000314   0x00000000   Code   RO          387    .ARM.Collect$$libinit$$00000015  c_w.l(libinit2.o)
    0x08000314   0x08000314   0x00000000   Code   RO          389    .ARM.Collect$$libinit$$00000017  c_w.l(libinit2.o)
    0x08000314   0x08000314   0x0000000a   Code   RO          390    .ARM.Collect$$libinit$$00000018  c_w.l(libinit2.o)
    0x0800031e   0x0800031e   0x00000000   Code   RO          391    .ARM.Collect$$libinit$$00000019  c_w.l(libinit2.o)
    0x0800031e   0x0800031e   0x00000000   Code   RO          393    .ARM.Collect$$libinit$$0000001B  c_w.l(libinit2.o)
    0x0800031e   0x0800031e   0x00000000   Code   RO          395    .ARM.Collect$$libinit$$0000001D  c_w.l(libinit2.o)
    0x0800031e   0x0800031e   0x00000000   Code   RO          397    .ARM.Collect$$libinit$$0000001F  c_w.l(libinit2.o)
    0x0800031e   0x0800031e   0x00000000   Code   RO          399    .ARM.Collect$$libinit$$00000021  c_w.l(libinit2.o)
    0x0800031e   0x0800031e   0x00000000   Code   RO          401    .ARM.Collect$$libinit$$00000023  c_w.l(libinit2.o)
    0x0800031e   0x0800031e   0x00000000   Code   RO          403    .ARM.Collect$$libinit$$00000025  c_w.l(libinit2.o)
    0x0800031e   0x0800031e   0x00000004   Code   RO          404    .ARM.Collect$$libinit$$00000026  c_w.l(libinit2.o)
    0x08000322   0x08000322   0x00000000   Code   RO          405    .ARM.Collect$$libinit$$00000027  c_w.l(libinit2.o)
    0x08000322   0x08000322   0x00000000   Code   RO          409    .ARM.Collect$$libinit$$0000002E  c_w.l(libinit2.o)
    0x08000322   0x08000322   0x00000000   Code   RO          411    .ARM.Collect$$libinit$$00000030  c_w.l(libinit2.o)
    0x08000322   0x08000322   0x00000000   Code   RO          413    .ARM.Collect$$libinit$$00000032  c_w.l(libinit2.o)
    0x08000322   0x08000322   0x00000000   Code   RO          415    .ARM.Collect$$libinit$$00000034  c_w.l(libinit2.o)
    0x08000322   0x08000322   0x00000002   Code   RO          416    .ARM.Collect$$libinit$$00000035  c_w.l(libinit2.o)
    0x08000324   0x08000324   0x00000002   Code   RO          573    .ARM.Collect$$libshutdown$$00000000  c_w.l(libshutdown.o)
    0x08000326   0x08000326   0x00000000   Code   RO          418    .ARM.Collect$$libshutdown$$00000002  c_w.l(libshutdown2.o)
    0x08000326   0x08000326   0x00000004   Code   RO          419    .ARM.Collect$$libshutdown$$00000003  c_w.l(libshutdown2.o)
    0x0800032a   0x0800032a   0x00000000   Code   RO          420    .ARM.Collect$$libshutdown$$00000004  c_w.l(libshutdown2.o)
    0x0800032a   0x0800032a   0x00000000   Code   RO          423    .ARM.Collect$$libshutdown$$00000007  c_w.l(libshutdown2.o)
    0x0800032a   0x0800032a   0x00000000   Code   RO          426    .ARM.Collect$$libshutdown$$0000000A  c_w.l(libshutdown2.o)
    0x0800032a   0x0800032a   0x00000000   Code   RO          428    .ARM.Collect$$libshutdown$$0000000C  c_w.l(libshutdown2.o)
    0x0800032a   0x0800032a   0x00000000   Code   RO          431    .ARM.Collect$$libshutdown$$0000000F  c_w.l(libshutdown2.o)
    0x0800032a   0x0800032a   0x00000002   Code   RO          432    .ARM.Collect$$libshutdown$$00000010  c_w.l(libshutdown2.o)
    0x0800032c   0x0800032c   0x00000000   Code   RO           87    .ARM.Collect$$rtentry$$00000000  c_w.l(__rtentry.o)
    0x0800032c   0x0800032c   0x00000000   Code   RO          194    .ARM.Collect$$rtentry$$00000002  c_w.l(__rtentry2.o)
    0x0800032c   0x0800032c   0x00000006   Code   RO          206    .ARM.Collect$$rtentry$$00000004  c_w.l(__rtentry4.o)
    0x08000332   0x08000332   0x00000000   Code   RO          196    .ARM.Collect$$rtentry$$00000009  c_w.l(__rtentry2.o)
    0x08000332   0x08000332   0x00000004   Code   RO          197    .ARM.Collect$$rtentry$$0000000A  c_w.l(__rtentry2.o)
    0x08000336   0x08000336   0x00000000   Code   RO          199    .ARM.Collect$$rtentry$$0000000C  c_w.l(__rtentry2.o)
    0x08000336   0x08000336   0x00000008   Code   RO          200    .ARM.Collect$$rtentry$$0000000D  c_w.l(__rtentry2.o)
    0x0800033e   0x0800033e   0x00000002   Code   RO          443    .ARM.Collect$$rtexit$$00000000  c_w.l(rtexit.o)
    0x08000340   0x08000340   0x00000000   Code   RO          502    .ARM.Collect$$rtexit$$00000002  c_w.l(rtexit2.o)
    0x08000340   0x08000340   0x00000004   Code   RO          503    .ARM.Collect$$rtexit$$00000003  c_w.l(rtexit2.o)
    0x08000344   0x08000344   0x00000006   Code   RO          504    .ARM.Collect$$rtexit$$00000004  c_w.l(rtexit2.o)
    0x0800034a   0x0800034a   0x00000002   PAD
    0x0800034c   0x0800034c   0x00000040   Code   RO           55  * .text               startup_stm32f412zx.o
    0x0800038c   0x0800038c   0x00000018   Code   RO           77    .text               c_w.l(printf.o)
    0x080003a4   0x080003a4   0x0000008a   Code   RO           79    .text               c_w.l(rt_memcpy_v6.o)
    0x0800042e   0x0800042e   0x00000002   PAD
    0x08000430   0x08000430   0x0000007c   Code   RO           81    .text               c_w.l(strcmpv7em.o)
    0x080004ac   0x080004ac   0x00000006   Code   RO           83    .text               c_w.l(heapauxi.o)
    0x080004b2   0x080004b2   0x0000004e   Code   RO           90    .text               c_w.l(_printf_pad.o)
    0x08000500   0x08000500   0x00000024   Code   RO           92    .text               c_w.l(_printf_truncate.o)
    0x08000524   0x08000524   0x00000052   Code   RO           94    .text               c_w.l(_printf_str.o)
    0x08000576   0x08000576   0x00000002   PAD
    0x08000578   0x08000578   0x00000078   Code   RO           96    .text               c_w.l(_printf_dec.o)
    0x080005f0   0x080005f0   0x00000028   Code   RO           98    .text               c_w.l(_printf_charcount.o)
    0x08000618   0x08000618   0x00000024   Code   RO          100    .text               c_w.l(_printf_char_file.o)
    0x0800063c   0x0800063c   0x000000bc   Code   RO          102    .text               c_w.l(_printf_wctomb.o)
    0x080006f8   0x080006f8   0x0000007c   Code   RO          105    .text               c_w.l(_printf_longlong_dec.o)
    0x08000774   0x08000774   0x00000070   Code   RO          111    .text               c_w.l(_printf_oct_int_ll.o)
    0x080007e4   0x080007e4   0x00000094   Code   RO          131    .text               c_w.l(_printf_hex_int_ll_ptr.o)
    0x08000878   0x08000878   0x00000188   Code   RO          151    .text               c_w.l(__printf_flags_ss_wp.o)
    0x08000a00   0x08000a00   0x00000064   Code   RO          183    .text               c_w.l(rt_memcpy_w.o)
    0x08000a64   0x08000a64   0x0000008a   Code   RO          208    .text               c_w.l(lludiv10.o)
    0x08000aee   0x08000aee   0x000000b2   Code   RO          210    .text               c_w.l(_printf_intcommon.o)
    0x08000ba0   0x08000ba0   0x0000041c   Code   RO          212    .text               c_w.l(_printf_fp_dec.o)
    0x08000fbc   0x08000fbc   0x000002fc   Code   RO          216    .text               c_w.l(_printf_fp_hex.o)
    0x080012b8   0x080012b8   0x00000030   Code   RO          219    .text               c_w.l(_printf_char_common.o)
    0x080012e8   0x080012e8   0x0000002c   Code   RO          221    .text               c_w.l(_printf_char.o)
    0x08001314   0x08001314   0x0000002c   Code   RO          223    .text               c_w.l(_printf_wchar.o)
    0x08001340   0x08001340   0x00000008   Code   RO          226    .text               c_w.l(ferror.o)
    0x08001348   0x08001348   0x00000138   Code   RO          232    .text               c_w.l(initio.o)
    0x08001480   0x08001480   0x00000048   Code   RO          240    .text               c_w.l(_c16rtomb.o)
    0x080014c8   0x080014c8   0x0000004a   Code   RO          244    .text               c_w.l(sys_stackheap_outer.o)
    0x08001512   0x08001512   0x00000002   PAD
    0x08001514   0x08001514   0x00000010   Code   RO          246    .text               c_w.l(rt_ctype_table.o)
    0x08001524   0x08001524   0x00000008   Code   RO          251    .text               c_w.l(rt_locale_intlibspace.o)
    0x0800152c   0x0800152c   0x0000004e   Code   RO          255    .text               c_w.l(h1_free.o)
    0x0800157a   0x0800157a   0x00000002   PAD
    0x0800157c   0x0800157c   0x00000080   Code   RO          309    .text               c_w.l(_printf_fp_infnan.o)
    0x080015fc   0x080015fc   0x000000e4   Code   RO          313    .text               c_w.l(bigflt0.o)
    0x080016e0   0x080016e0   0x000001e2   Code   RO          340    .text               c_w.l(flsbuf.o)
    0x080018c2   0x080018c2   0x00000046   Code   RO          342    .text               c_w.l(setvbuf.o)
    0x08001908   0x08001908   0x000000f0   Code   RO          345    .text               c_w.l(fopen.o)
    0x080019f8   0x080019f8   0x0000004c   Code   RO          347    .text               c_w.l(fclose.o)
    0x08001a44   0x08001a44   0x00000012   Code   RO          356    .text               c_w.l(exit.o)
    0x08001a56   0x08001a56   0x0000000e   Code   RO          358    .text               c_w.l(defsig_rtred_outer.o)
    0x08001a64   0x08001a64   0x0000004e   Code   RO          362    .text               c_w.l(rt_memclr_w.o)
    0x08001ab2   0x08001ab2   0x00000002   PAD
    0x08001ab4   0x08001ab4   0x00000008   Code   RO          440    .text               c_w.l(libspace.o)
    0x08001abc   0x08001abc   0x00000008   Code   RO          450    .text               c_w.l(rt_heap_descriptor_intlibspace.o)
    0x08001ac4   0x08001ac4   0x00000004   Code   RO          452    .text               c_w.l(hguard.o)
    0x08001ac8   0x08001ac8   0x0000008a   Code   RO          454    .text               c_w.l(init_alloc.o)
    0x08001b52   0x08001b52   0x0000005e   Code   RO          460    .text               c_w.l(h1_alloc.o)
    0x08001bb0   0x08001bb0   0x000000f8   Code   RO          476    .text               c_w.l(fseek.o)
    0x08001ca8   0x08001ca8   0x00000108   Code   RO          478    .text               c_w.l(stdio.o)
    0x08001db0   0x08001db0   0x0000000a   Code   RO          487    .text               c_w.l(defsig_exit.o)
    0x08001dba   0x08001dba   0x00000002   PAD
    0x08001dbc   0x08001dbc   0x00000034   Code   RO          489    .text               c_w.l(defsig_rtred_inner.o)
    0x08001df0   0x08001df0   0x0000000c   Code   RO          497    .text               c_w.l(sys_exit.o)
    0x08001dfc   0x08001dfc   0x00000000   Code   RO          508    .text               c_w.l(maybetermalloc1.o)
    0x08001dfc   0x08001dfc   0x0000000c   Code   RO          510    .text               c_w.l(h1_init.o)
    0x08001e08   0x08001e08   0x00000034   Code   RO          512    .text               c_w.l(h1_extend.o)
    0x08001e3c   0x08001e3c   0x00000042   Code   RO          524    .text               c_w.l(ftell.o)
    0x08001e7e   0x08001e7e   0x00000032   Code   RO          532    .text               c_w.l(defsig_general.o)
    0x08001eb0   0x08001eb0   0x0000000e   Code   RO          534    .text               c_w.l(defsig_rtmem_outer.o)
    0x08001ebe   0x08001ebe   0x0000000e   Code   RO          547    .text               c_w.l(sys_wrch.o)
    0x08001ecc   0x08001ecc   0x00000002   Code   RO          555    .text               c_w.l(use_no_semi.o)
    0x08001ece   0x08001ece   0x00000000   Code   RO          557    .text               c_w.l(indicate_semi.o)
    0x08001ece   0x08001ece   0x00000002   PAD
    0x08001ed0   0x08001ed0   0x00000008   Code   RO          561    .text               c_w.l(rt_errno_addr_intlibspace.o)
    0x08001ed8   0x08001ed8   0x00000050   Code   RO          567    .text               c_w.l(defsig_rtmem_inner.o)
    0x08001f28   0x08001f28   0x00000042   Code   RO           17    .text.ITM_SendChar  retarget_io.o
    0x08001f6a   0x08001f6a   0x00000002   PAD
    0x08001f6c   0x08001f6c   0x00000012   Code   RO           62    .text.SystemInit    system_stm32f4xx.o
    0x08001f7e   0x08001f7e   0x00000002   PAD
    0x08001f80   0x08001f80   0x0000004a   Code   RO           23    .text._sys_close    retarget_io.o
    0x08001fca   0x08001fca   0x00000002   PAD
    0x08001fcc   0x08001fcc   0x00000048   Code   RO           39    .text._sys_flen     retarget_io.o
    0x08002014   0x08002014   0x00000048   Code   RO           35    .text._sys_istty    retarget_io.o
    0x0800205c   0x0800205c   0x00000084   Code   RO           21    .text._sys_open     retarget_io.o
    0x080020e0   0x080020e0   0x00000052   Code   RO           37    .text._sys_seek     retarget_io.o
    0x08002132   0x08002132   0x00000002   PAD
    0x08002134   0x08002134   0x00000098   Code   RO           25    .text._sys_write    retarget_io.o
    0x080021cc   0x080021cc   0x00000044   Code   RO            2    .text.count_words   reverse_and_count.o
    0x08002210   0x08002210   0x00000062   Code   RO            6    .text.main          reverse_and_count.o
    0x08002272   0x08002272   0x00000002   PAD
    0x08002274   0x08002274   0x00000040   Code   RO            4    .text.reverse_str   reverse_and_count.o
    0x080022b4   0x080022b4   0x00000010   Code   RO           29    .text.stderr_putchar  retarget_io.o
    0x080022c4   0x080022c4   0x00000010   Code   RO           27    .text.stdout_putchar  retarget_io.o
    0x080022d4   0x080022d4   0x0000003e   Code   RO          316    CL$$btod_d2e        c_w.l(btod.o)
    0x08002312   0x08002312   0x00000046   Code   RO          318    CL$$btod_d2e_denorm_low  c_w.l(btod.o)
    0x08002358   0x08002358   0x00000060   Code   RO          317    CL$$btod_d2e_norm_op1  c_w.l(btod.o)
    0x080023b8   0x080023b8   0x00000338   Code   RO          326    CL$$btod_div_common  c_w.l(btod.o)
    0x080026f0   0x080026f0   0x000000dc   Code   RO          323    CL$$btod_e2e        c_w.l(btod.o)
    0x080027cc   0x080027cc   0x0000002a   Code   RO          320    CL$$btod_ediv       c_w.l(btod.o)
    0x080027f6   0x080027f6   0x0000002a   Code   RO          319    CL$$btod_emul       c_w.l(btod.o)
    0x08002820   0x08002820   0x00000244   Code   RO          325    CL$$btod_mult_common  c_w.l(btod.o)
    0x08002a64   0x08002a64   0x00000030   Code   RO          438    i.__ARM_fpclassify  m_wm.l(fpclassify.o)
    0x08002a94   0x08002a94   0x0000000e   Code   RO          144    i._is_digit         c_w.l(__printf_wp.o)
    0x08002aa2   0x08002aa2   0x0000001c   Code   RO          229    i.fputc             c_w.l(fputc.o)
    0x08002abe   0x08002abe   0x00000002   PAD
    0x08002ac0   0x08002ac0   0x0000002c   Code   RO          354    locale$$code        c_w.l(lc_numeric_c.o)
    0x08002aec   0x08002aec   0x0000002c   Code   RO          485    locale$$code        c_w.l(lc_ctype_c.o)
    0x08002b18   0x08002b18   0x0000001a   Code   RO          495    x$fpl$fpinit        fz_wm.l(fpinit.o)
    0x08002b32   0x08002b32   0x00000004   Code   RO          185    x$fpl$printf1       fz_wm.l(printf1.o)
    0x08002b36   0x08002b36   0x00000004   Code   RO          187    x$fpl$printf2       fz_wm.l(printf2.o)
    0x08002b3a   0x08002b3a   0x00000000   Code   RO          437    x$fpl$usenofp       fz_wm.l(usenofp.o)
    0x08002b3a   0x08002b3a   0x00000002   PAD
    0x08002b3c   0x08002b3c   0x00000008   Data   RO          103    .constdata          c_w.l(_printf_wctomb.o)
    0x08002b44   0x08002b44   0x00000028   Data   RO          132    .constdata          c_w.l(_printf_hex_int_ll_ptr.o)
    0x08002b6c   0x08002b6c   0x00000011   Data   RO          152    .constdata          c_w.l(__printf_flags_ss_wp.o)
    0x08002b7d   0x08002b7d   0x00000026   Data   RO          217    .constdata          c_w.l(_printf_fp_hex.o)
    0x08002ba3   0x08002ba3   0x00000001   PAD
    0x08002ba4   0x08002ba4   0x00000094   Data   RO          314    .constdata          c_w.l(bigflt0.o)
    0x08002c38   0x08002c38   0x00000008   Data   RO           44    .rodata.__stderr_name  retarget_io.o
    0x08002c40   0x08002c40   0x00000007   Data   RO           42    .rodata.__stdin_name  retarget_io.o
    0x08002c47   0x08002c47   0x00000008   Data   RO           43    .rodata.__stdout_name  retarget_io.o
    0x08002c4f   0x08002c4f   0x00000052   Data   RO            8    .rodata.str1.1      reverse_and_count.o
    0x08002ca1   0x08002ca1   0x00000017   Data   RO           45    .rodata.str1.1      retarget_io.o
    0x08002cb8   0x08002cb8   0x00000020   Data   RO          593    Region$$Table       anon$$obj.o
    0x08002cd8   0x08002cd8   0x0000001c   Data   RO          353    locale$$data        c_w.l(lc_numeric_c.o)
    0x08002cf4   0x08002cf4   0x00000110   Data   RO          484    locale$$data        c_w.l(lc_ctype_c.o)


    Execution Region ER_RW (Exec base: 0x20000000, Load base: 0x08002e04, Size: 0x0000000c, Max: 0xffffffff, ABSOLUTE)

    Exec Addr    Load Addr    Size         Type   Attr      Idx    E Section Name        Object

    0x20000000   0x08002e04   0x00000004   Data   RW          180    .data               c_w.l(stdio_streams.o)
    0x20000004   0x08002e08   0x00000004   Data   RW          181    .data               c_w.l(stdio_streams.o)
    0x20000008   0x08002e0c   0x00000004   Data   RW          182    .data               c_w.l(stdio_streams.o)


    Execution Region ER_ZI (Exec base: 0x20000010, Load base: 0x08002e10, Size: 0x00000760, Max: 0xffffffff, ABSOLUTE)

    Exec Addr    Load Addr    Size         Type   Attr      Idx    E Section Name        Object

    0x20000010        -       0x00000054   Zero   RW          177    .bss                c_w.l(stdio_streams.o)
    0x20000064        -       0x00000054   Zero   RW          178    .bss                c_w.l(stdio_streams.o)
    0x200000b8        -       0x00000054   Zero   RW          179    .bss                c_w.l(stdio_streams.o)
    0x2000010c        -       0x00000060   Zero   RW          441    .bss                c_w.l(libspace.o)
    0x2000016c   0x08002e10   0x00000004   PAD
    0x20000170        -       0x00000200   Zero   RW           53    HEAP                startup_stm32f412zx.o
    0x20000370        -       0x00000400   Zero   RW           52    STACK               startup_stm32f412zx.o


==============================================================================

Image component sizes


      Code (inc. data)   RO Data    RW Data    ZI Data      Debug   Object Name

       682          0         46          0          0       3373   retarget_io.o
       230          0         82          0          0       1037   reverse_and_count.o
        64         26        452          0       1536        912   startup_stm32f412zx.o
        18          0          0          0          0       2760   system_stm32f4xx.o

    ----------------------------------------------------------------------
      1004         26        612          0       1536       8082   Object Totals
         0          0         32          0          0          0   (incl. Generated)
        10          0          0          0          0          0   (incl. Padding)

    ----------------------------------------------------------------------

      Code (inc. data)   RO Data    RW Data    ZI Data      Debug   Library Member Name

         8          0          0          0          0         68   __main.o
       392          4         17          0          0         92   __printf_flags_ss_wp.o
        14          0          0          0          0         68   __printf_wp.o
         0          0          0          0          0          0   __rtentry.o
        12          0          0          0          0          0   __rtentry2.o
         6          0          0          0          0          0   __rtentry4.o
        94          8          0          0          0          0   __scatter.o
        26          0          0          0          0          0   __scatter_copy.o
        28          0          0          0          0          0   __scatter_zi.o
        72          0          0          0          0         96   _c16rtomb.o
         6          0          0          0          0          0   _printf_a.o
         6          0          0          0          0          0   _printf_c.o
        44          0          0          0          0        108   _printf_char.o
        48          6          0          0          0         96   _printf_char_common.o
        36          4          0          0          0         80   _printf_char_file.o
        40          0          0          0          0         68   _printf_charcount.o
         6          0          0          0          0          0   _printf_d.o
       120         16          0          0          0         92   _printf_dec.o
         6          0          0          0          0          0   _printf_e.o
         6          0          0          0          0          0   _printf_f.o
      1052          0          0          0          0        148   _printf_fp_dec.o
       764          8         38          0          0        100   _printf_fp_hex.o
       128         16          0          0          0         84   _printf_fp_infnan.o
         6          0          0          0          0          0   _printf_g.o
       148          4         40          0          0        160   _printf_hex_int_ll_ptr.o
         6          0          0          0          0          0   _printf_i.o
       178          0          0          0          0         88   _printf_intcommon.o
        10          0          0          0          0          0   _printf_l.o
         6          0          0          0          0          0   _printf_lc.o
        10          0          0          0          0          0   _printf_ll.o
         6          0          0          0          0          0   _printf_lld.o
         6          0          0          0          0          0   _printf_lli.o
         6          0          0          0          0          0   _printf_llo.o
         6          0          0          0          0          0   _printf_llu.o
         6          0          0          0          0          0   _printf_llx.o
       124         16          0          0          0         92   _printf_longlong_dec.o
         6          0          0          0          0          0   _printf_ls.o
         6          0          0          0          0          0   _printf_n.o
         6          0          0          0          0          0   _printf_o.o
       112          8          0          0          0        124   _printf_oct_int_ll.o
         6          0          0          0          0          0   _printf_p.o
        78          0          0          0          0        108   _printf_pad.o
         0          0          0          0          0          0   _printf_percent.o
         4          0          0          0          0          0   _printf_percent_end.o
         6          0          0          0          0          0   _printf_s.o
        82          0          0          0          0         80   _printf_str.o
        36          0          0          0          0         84   _printf_truncate.o
         6          0          0          0          0          0   _printf_u.o
        44          0          0          0          0        108   _printf_wchar.o
       188          6          8          0          0         92   _printf_wctomb.o
         6          0          0          0          0          0   _printf_x.o
       228          4        148          0          0         96   bigflt0.o
      1936        128          0          0          0        668   btod.o
        10          0          0          0          0         68   defsig_exit.o
        50          0          0          0          0         88   defsig_general.o
        80         58          0          0          0         76   defsig_rtmem_inner.o
        14          0          0          0          0         80   defsig_rtmem_outer.o
        52         38          0          0          0         76   defsig_rtred_inner.o
        14          0          0          0          0         80   defsig_rtred_outer.o
        18          0          0          0          0         80   exit.o
        76          0          0          0          0         88   fclose.o
         8          0          0          0          0         68   ferror.o
       482          0          0          0          0         92   flsbuf.o
       240          6          0          0          0        128   fopen.o
        28          0          0          0          0         68   fputc.o
       248          6          0          0          0         84   fseek.o
        66          0          0          0          0         76   ftell.o
        94          0          0          0          0         80   h1_alloc.o
        52          0          0          0          0         68   h1_extend.o
        78          0          0          0          0         80   h1_free.o
        12          0          0          0          0         84   h1_init.o
         6          0          0          0          0        152   heapauxi.o
         4          0          0          0          0        136   hguard.o
         0          0          0          0          0          0   indicate_semi.o
       138          0          0          0          0        168   init_alloc.o
       312         46          0          0          0        112   initio.o
        44         10        272          0          0         76   lc_ctype_c.o
        44         10         28          0          0         76   lc_numeric_c.o
         2          0          0          0          0          0   libinit.o
        46          0          0          0          0          0   libinit2.o
         2          0          0          0          0          0   libshutdown.o
         6          0          0          0          0          0   libshutdown2.o
         8          4          0          0         96         68   libspace.o
       138          0          0          0          0         80   lludiv10.o
         0          0          0          0          0          0   maybetermalloc1.o
        24          4          0          0          0         84   printf.o
        16          4          0          0          0         76   rt_ctype_table.o
         8          4          0          0          0         68   rt_errno_addr_intlibspace.o
         8          4          0          0          0         68   rt_heap_descriptor_intlibspace.o
         8          4          0          0          0         68   rt_locale_intlibspace.o
        78          0          0          0          0         80   rt_memclr_w.o
       138          0          0          0          0         68   rt_memcpy_v6.o
       100          0          0          0          0         80   rt_memcpy_w.o
         2          0          0          0          0          0   rtexit.o
        10          0          0          0          0          0   rtexit2.o
        70          0          0          0          0         80   setvbuf.o
       264          6          0          0          0        160   stdio.o
         0          0          0         12        252          0   stdio_streams.o
       124          0          0          0          0         88   strcmpv7em.o
        12          4          0          0          0         68   sys_exit.o
        74          0          0          0          0         80   sys_stackheap_outer.o
        14          0          0          0          0         76   sys_wrch.o
         2          0          0          0          0         68   use_no_semi.o
        26          0          0          0          0        116   fpinit.o
         4          0          0          0          0        116   printf1.o
         4          0          0          0          0        116   printf2.o
         0          0          0          0          0          0   usenofp.o
        48          0          0          0          0        124   fpclassify.o

    ----------------------------------------------------------------------
      9612        436        552         12        352       6816   Library Totals
        24          0          1          0          4          0   (incl. Padding)

    ----------------------------------------------------------------------

      Code (inc. data)   RO Data    RW Data    ZI Data      Debug   Library Name

      9506        436        551         12        348       6344   c_w.l
        34          0          0          0          0        348   fz_wm.l
        48          0          0          0          0        124   m_wm.l

    ----------------------------------------------------------------------
      9612        436        552         12        352       6816   Library Totals

    ----------------------------------------------------------------------

==============================================================================


      Code (inc. data)   RO Data    RW Data    ZI Data      Debug   

     10616        462       1164         12       1888      11190   Grand Totals
     10616        462       1164         12       1888      11190   ELF Image Totals
     10616        462       1164         12          0          0   ROM Totals

==============================================================================

    Total RO  Size (Code + RO Data)                11780 (  11.50kB)
    Total RW  Size (RW Data + ZI Data)              1900 (   1.86kB)
    Total ROM Size (Code + RO Data + RW Data)      11792 (  11.52kB)

==============================================================================

