<html>
<body>
<pre>
<h1>µVision Build Log</h1>
<h2>Tool Versions:</h2>
IDE-Version: µVision V5.39.0.0
Copyright (C) 2023 ARM Ltd and ARM Germany GmbH. All rights reserved.
License Information: Anushka D, IITJ, LIC=----
 
Tool Versions:
Toolchain:       MDK-Lite  Version: 5.39.0.0
Toolchain Path:  C:\Keil_v5\ARM\ARMCLANG\Bin
C Compiler:      ArmClang.exe V6.21
Assembler:       Armasm.exe V6.21
Linker/Locator:  ArmLink.exe V6.21
Library Manager: ArmAr.exe V6.21
Hex Converter:   FromElf.exe V6.21
CPU DLL:         SARMCM3.DLL V5.39.0.0
Dialog DLL:      DCM.DLL V1.17.5.0
Target DLL:      STLink\ST-LINKIII-KEIL_SWO.dll V3.2.0.0
Dialog DLL:      TCM.DLL V1.56.4.0
 
<h2>Project:</h2>
C:\Users\Anushka\OneDrive\Desktop\Embedded\Hardware_vsslr\I2C\i2c.uvprojx
Project File Date:  04/01/2025

<h2>Output:</h2>
*** Using Compiler 'V6.21', folder: 'C:\Keil_v5\ARM\ARMCLANG\Bin'
Rebuild target 'Target 1'
assembling startup_stm32f429xx.s...
main.c(1): warning: In file included from...
C:/Users/Anushka/AppData/Local/Arm/Packs/Keil/STM32F4xx_DFP/2.16.0/Drivers/CMSIS/Device/ST/STM32F4xx/Include\stm32f4xx.h(11): warning: invalid UTF-8 in comment [-Winvalid-utf8]
   11 |   *              - To use or not the peripheral<92>s drivers in application code(i.e. 
      |                                                ^
C:/Users/Anushka/AppData/Local/Arm/Packs/Keil/STM32F4xx_DFP/2.16.0/Drivers/CMSIS/Device/ST/STM32F4xx/Include\stm32f4xx.h(12): warning: invalid UTF-8 in comment [-Winvalid-utf8]
   12 |   *                code will be based on direct access to peripheral<92>s registers 
      |                                                                     ^
main.c(3): warning: In file included from...
./i2c.h(8): warning: a function declaration without a prototype is deprecated in all versions of C [-Wstrict-prototypes]
    8 | void I2C_config();
      |                ^
      |                 void
./i2c.h(9): warning: a function declaration without a prototype is deprecated in all versions of C [-Wstrict-prototypes]
    9 | void I2C_start();
      |               ^
      |                void
main.c(5): warning: a function declaration without a prototype is deprecated in all versions of C [-Wstrict-prototypes]
    5 | void delay(){
      |           ^
      |            void
main.c(5): warning: no previous prototype for function 'delay' [-Wmissing-prototypes]
    5 | void delay(){
      |      ^
main.c(5): note: declare 'static' if the function is not intended to be used outside of this translation unit
    5 | void delay(){
      | ^
      | static 
main.c(9): warning: a function declaration without a prototype is deprecated in all versions of C [-Wstrict-prototypes]
    9 | int main(){
      |         ^
      |          void
main.c(11): warning: mixing declarations and code is incompatible with standards before C99 [-Wdeclaration-after-statement]
   11 |     uint8_t counter = 0;
      |             ^
8 warnings generated.
compiling main.c...
i2c.c(1): warning: In file included from...
C:/Users/Anushka/AppData/Local/Arm/Packs/Keil/STM32F4xx_DFP/2.16.0/Drivers/CMSIS/Device/ST/STM32F4xx/Include\stm32f4xx.h(11): warning: invalid UTF-8 in comment [-Winvalid-utf8]
   11 |   *              - To use or not the peripheral<92>s drivers in application code(i.e. 
      |                                                ^
C:/Users/Anushka/AppData/Local/Arm/Packs/Keil/STM32F4xx_DFP/2.16.0/Drivers/CMSIS/Device/ST/STM32F4xx/Include\stm32f4xx.h(12): warning: invalid UTF-8 in comment [-Winvalid-utf8]
   12 |   *                code will be based on direct access to peripheral<92>s registers 
      |                                                                     ^
i2c.c(4): warning: a function declaration without a prototype is deprecated in all versions of C [-Wstrict-prototypes]
    4 | void I2C_config();
      |                ^
      |                 void
i2c.c(5): warning: a function declaration without a prototype is deprecated in all versions of C [-Wstrict-prototypes]
    5 | void I2C_start();
      |               ^
      |                void
i2c.c(8): warning: a function declaration without a prototype is deprecated in all versions of C [-Wstrict-prototypes]
    8 | void I2C_stop();
      |              ^
      |               void
i2c.c(10): warning: a function declaration without a prototype is deprecated in all versions of C [-Wstrict-prototypes]
   10 |  void I2C_config(){
      |                 ^
      |                  void
i2c.c(23): warning: implicit conversion changes signedness: 'int' to 'uint32_t' (aka 'unsigned int') [-Wsign-conversion]
   23 |     I2C1->CR1 &= ~(1<<15); // RESET = 0
      |               ~~ ^~~~~~~~
i2c.c(10): warning: no previous prototype for function 'I2C_config' [-Wmissing-prototypes]
   10 |  void I2C_config(){
      |       ^
i2c.c(4): note: this declaration is not a prototype; add 'void' to make it a prototype for a zero-parameter function
    4 | void I2C_config();
      |      ^          
      |                 void
i2c.c(31): warning: no previous prototype for function 'I2C_start' [-Wmissing-prototypes]
   31 |  void I2C_start(void){
      |       ^
i2c.c(5): note: this declaration is not a prototype; add 'void' to make it a prototype for a zero-parameter function
    5 | void I2C_start();
      |      ^         
      |                void
i2c.c(36): warning: & has lower precedence than ==; == will be evaluated first [-Wparentheses]
   36 |     while((I2C1->SR1 & (1<<7) == 0)); //WAIT UNTILL THE TXE IS 0
      |                      ^~~~~~~~~~~~~
i2c.c(36): note: place parentheses around the '==' expression to silence this warning
   36 |     while((I2C1->SR1 & (1<<7) == 0)); //WAIT UNTILL THE TXE IS 0
      |                      ^            
      |                        (          )
i2c.c(36): note: place parentheses around the & expression to evaluate it first
   36 |     while((I2C1->SR1 & (1<<7) == 0)); //WAIT UNTILL THE TXE IS 0
      |            ~~~~~~~~~~^~~~~~~~
i2c.c(44): warning: implicit conversion loses integer precision: 'uint32_t' (aka 'unsigned int') to 'uint8_t' (aka 'unsigned char') [-Wimplicit-int-conversion]
   44 |          uint8_t temp = I2C1->SR1 | I2C1->SR2;
      |                  ~~~~   ~~~~~~~~~~^~~~~~~~~~~
i2c.c(44): warning: mixing declarations and code is incompatible with standards before C99 [-Wdeclaration-after-statement]
   44 |          uint8_t temp = I2C1->SR1 | I2C1->SR2;
      |                  ^
i2c.c(44): warning: unused variable 'temp' [-Wunused-variable]
   44 |          uint8_t temp = I2C1->SR1 | I2C1->SR2;
      |                  ^~~~
i2c.c(48): warning: no newline at end of file [-Wnewline-eof]
   48 |  }
      |   ^
i2c.c(46): warning: no previous prototype for function 'I2C_stop' [-Wmissing-prototypes]
   46 |  void I2C_stop(void){
      |       ^
i2c.c(8): note: this declaration is not a prototype; add 'void' to make it a prototype for a zero-parameter function
    8 | void I2C_stop();
      |      ^        
      |               void
i2c.c(20): warning: unsafe buffer access [-Wunsafe-buffer-usage]
   20 |     GPIOB->AFR[1] = (4<<0)|(4<<4); //I2C for alternate function code 4
      |     ^~~~~~~~~~
C:/Users/Anushka/AppData/Local/Arm/Packs/Keil/STM32F4xx_DFP/2.16.0/Drivers/CMSIS/Device/ST/STM32F4xx/Include/stm32f429xx.h(1250): note: expanded from macro 'GPIOB'
 1250 | #define GPIOB               ((GPIO_TypeDef *) GPIOB_BASE)
      |                             ^
16 warnings generated.
compiling i2c.c...
RTE/Device/STM32F429ZITx/system_stm32f4xx.c(49): warning: In file included from...
C:/Users/Anushka/AppData/Local/Arm/Packs/Keil/STM32F4xx_DFP/2.16.0/Drivers/CMSIS/Device/ST/STM32F4xx/Include\stm32f4xx.h(11): warning: invalid UTF-8 in comment [-Winvalid-utf8]
   11 |   *              - To use or not the peripheral<92>s drivers in application code(i.e. 
      |                                                ^
C:/Users/Anushka/AppData/Local/Arm/Packs/Keil/STM32F4xx_DFP/2.16.0/Drivers/CMSIS/Device/ST/STM32F4xx/Include\stm32f4xx.h(12): warning: invalid UTF-8 in comment [-Winvalid-utf8]
   12 |   *                code will be based on direct access to peripheral<92>s registers 
      |                                                                     ^
RTE/Device/STM32F429ZITx/system_stm32f4xx.c(264): warning: unsafe buffer access [-Wunsafe-buffer-usage]
  264 |   tmp = AHBPrescTable[((RCC->CFGR & RCC_CFGR_HPRE) >> 4)];
      |         ^~~~~~~~~~~~~
3 warnings generated.
compiling system_stm32f4xx.c...
linking...
Program Size: Code=884 RO-data=444 RW-data=0 ZI-data=1632  
".\Objects\i2c.axf" - 0 Error(s), 27 Warning(s).

<h2>Software Packages used:</h2>

Package Vendor: ARM
                http://www.keil.com/pack/ARM.CMSIS.5.9.0.pack
                ARM::CMSIS@5.9.0
                CMSIS (Common Microcontroller Software Interface Standard)
   * Component: CORE Version: 5.6.0

Package Vendor: Keil
                http://www.keil.com/pack/Keil.STM32F4xx_DFP.2.16.0.pack
                Keil::STM32F4xx_DFP@2.16.0
                STMicroelectronics STM32F4 Series Device Support, Drivers and Examples
   * Component: Startup Version: 2.6.3

<h2>Collection of Component include folders:</h2>
  ./RTE/_Target_1
  C:/Users/Anushka/AppData/Local/Arm/Packs/ARM/CMSIS/5.9.0/CMSIS/Core/Include
  C:/Users/Anushka/AppData/Local/Arm/Packs/Keil/STM32F4xx_DFP/2.16.0/Drivers/CMSIS/Device/ST/STM32F4xx/Include

<h2>Collection of Component Files used:</h2>

   * Component: ARM::CMSIS:CORE@5.6.0

   * Component: Keil::Device:Startup@2.6.3
      Include file:  Drivers/CMSIS/Device/ST/STM32F4xx/Include/stm32f4xx.h
      Source file:   MDK/Device/Source/ARM/STM32F42xxx_43xxx_OPT.s
      Source file:   MDK/Device/Source/ARM/STM32F4xx_OTP.s
      Source file:   Drivers/CMSIS/Device/ST/STM32F4xx/Source/Templates/arm/startup_stm32f429xx.s
      Source file:   Drivers/CMSIS/Device/ST/STM32F4xx/Source/Templates/system_stm32f4xx.c
Build Time Elapsed:  00:00:01
</pre>
</body>
</html>
